Mar  7 16:36:53 paulo-ControlNode rsyslogd:  [origin software="rsyslogd" swVersion="8.32.0" x-pid="25977" x-info="http://www.rsyslog.com"] rsyslogd was HUPed
Mar  7 16:37:00 paulo-ControlNode anacron[25176]: Job `cron.daily' terminated
Mar  7 16:37:00 paulo-ControlNode anacron[25176]: Normal exit (1 job run)
Mar  7 16:37:39 paulo-ControlNode NetworkManager[600]: <info>  [1709800659.2118] dhcp4 (enp0s3): activation: beginning transaction (timeout in 45 seconds)
Mar  7 16:37:39 paulo-ControlNode NetworkManager[600]: <info>  [1709800659.2132] dhcp4 (enp0s3): dhclient started with pid 25997
Mar  7 16:37:39 paulo-ControlNode dhclient[25997]: DHCPDISCOVER on enp0s3 to 255.255.255.255 port 67 interval 3 (xid=0xc7d7f35d)
Mar  7 16:37:39 paulo-ControlNode NetworkManager[600]: <info>  [1709800659.2370] dhcp4 (enp0s3):   address 10.0.2.15
Mar  7 16:37:39 paulo-ControlNode dhclient[25997]: DHCPREQUEST of 10.0.2.15 on enp0s3 to 255.255.255.255 port 67 (xid=0x5df3d7c7)
Mar  7 16:37:39 paulo-ControlNode NetworkManager[600]: <info>  [1709800659.2370] dhcp4 (enp0s3):   plen 24 (255.255.255.0)
Mar  7 16:37:39 paulo-ControlNode dhclient[25997]: DHCPOFFER of 10.0.2.15 from 10.0.2.2
Mar  7 16:37:39 paulo-ControlNode NetworkManager[600]: <info>  [1709800659.2370] dhcp4 (enp0s3):   gateway 10.0.2.2
Mar  7 16:37:39 paulo-ControlNode dhclient[25997]: DHCPACK of 10.0.2.15 from 10.0.2.2
Mar  7 16:37:39 paulo-ControlNode NetworkManager[600]: <info>  [1709800659.2370] dhcp4 (enp0s3):   lease time 86400
Mar  7 16:37:39 paulo-ControlNode dbus-daemon[563]: [system] Activating via systemd: service name='org.freedesktop.nm_dispatcher' unit='dbus-org.freedesktop.nm-dispatcher.service' requested by ':1.16' (uid=0 pid=600 comm="/usr/sbin/NetworkManager --no-daemon " label="unconfined")
Mar  7 16:37:39 paulo-ControlNode NetworkManager[600]: <info>  [1709800659.2370] dhcp4 (enp0s3):   nameserver '10.6.15.200'
Mar  7 16:37:39 paulo-ControlNode dbus-daemon[563]: [system] Successfully activated service 'org.freedesktop.nm_dispatcher'
Mar  7 16:37:39 paulo-ControlNode NetworkManager[600]: <info>  [1709800659.2370] dhcp4 (enp0s3):   domain name 'ns2.is'
Mar  7 16:37:39 paulo-ControlNode nm-dispatcher: req:1 'dhcp4-change' [enp0s3]: new request (1 scripts)
Mar  7 16:37:39 paulo-ControlNode NetworkManager[600]: <info>  [1709800659.2370] dhcp4 (enp0s3): state changed unknown -> bound
Mar  7 16:37:39 paulo-ControlNode nm-dispatcher: req:1 'dhcp4-change' [enp0s3]: start running ordered scripts...
Mar  7 16:37:39 paulo-ControlNode systemd[1]: Starting Network Manager Script Dispatcher Service...
Mar  7 16:37:39 paulo-ControlNode systemd[1]: Started Network Manager Script Dispatcher Service.
Mar  7 16:37:39 paulo-ControlNode dhclient[25997]: bound to 10.0.2.15 -- renewal in 36254 seconds.
Mar  7 16:40:20 paulo-ControlNode dhclient[25834]: DHCPREQUEST of 192.168.56.115 on enp0s8 to 192.168.56.100 port 67 (xid=0x7a46d9a1)
Mar  7 16:40:20 paulo-ControlNode dhclient[25834]: DHCPACK of 192.168.56.115 from 192.168.56.100
Mar  7 16:40:20 paulo-ControlNode NetworkManager[600]: <info>  [1709800820.3089] dhcp4 (enp0s8):   address 192.168.56.115
Mar  7 16:40:20 paulo-ControlNode dbus-daemon[563]: [system] Activating via systemd: service name='org.freedesktop.nm_dispatcher' unit='dbus-org.freedesktop.nm-dispatcher.service' requested by ':1.16' (uid=0 pid=600 comm="/usr/sbin/NetworkManager --no-daemon " label="unconfined")
Mar  7 16:40:20 paulo-ControlNode NetworkManager[600]: <info>  [1709800820.3089] dhcp4 (enp0s8):   plen 24 (255.255.255.0)
Mar  7 16:40:20 paulo-ControlNode NetworkManager[600]: <info>  [1709800820.3090] dhcp4 (enp0s8):   lease time 600
Mar  7 16:40:20 paulo-ControlNode NetworkManager[600]: <info>  [1709800820.3090] dhcp4 (enp0s8): state changed bound -> bound
Mar  7 16:40:20 paulo-ControlNode systemd[1]: Starting Network Manager Script Dispatcher Service...
Mar  7 16:40:20 paulo-ControlNode dbus-daemon[563]: [system] Successfully activated service 'org.freedesktop.nm_dispatcher'
Mar  7 16:40:20 paulo-ControlNode systemd[1]: Started Network Manager Script Dispatcher Service.
Mar  7 16:40:20 paulo-ControlNode nm-dispatcher: req:1 'dhcp4-change' [enp0s8]: new request (1 scripts)
Mar  7 16:40:20 paulo-ControlNode nm-dispatcher: req:1 'dhcp4-change' [enp0s8]: start running ordered scripts...
Mar  7 16:40:20 paulo-ControlNode dhclient[25834]: bound to 192.168.56.115 -- renewal in 290 seconds.
Mar  7 16:44:47 paulo-ControlNode systemd[1]: Started Session 10 of user paulo.
Mar  7 16:45:11 paulo-ControlNode dhclient[25834]: DHCPREQUEST of 192.168.56.115 on enp0s8 to 192.168.56.100 port 67 (xid=0x7a46d9a1)
Mar  7 16:45:11 paulo-ControlNode dhclient[25834]: DHCPACK of 192.168.56.115 from 192.168.56.100
Mar  7 16:45:11 paulo-ControlNode NetworkManager[600]: <info>  [1709801111.2000] dhcp4 (enp0s8):   address 192.168.56.115
Mar  7 16:45:11 paulo-ControlNode NetworkManager[600]: <info>  [1709801111.2000] dhcp4 (enp0s8):   plen 24 (255.255.255.0)
Mar  7 16:45:11 paulo-ControlNode NetworkManager[600]: <info>  [1709801111.2000] dhcp4 (enp0s8):   lease time 600
Mar  7 16:45:11 paulo-ControlNode NetworkManager[600]: <info>  [1709801111.2000] dhcp4 (enp0s8): state changed bound -> bound
Mar  7 16:45:11 paulo-ControlNode dbus-daemon[563]: [system] Activating via systemd: service name='org.freedesktop.nm_dispatcher' unit='dbus-org.freedesktop.nm-dispatcher.service' requested by ':1.16' (uid=0 pid=600 comm="/usr/sbin/NetworkManager --no-daemon " label="unconfined")
Mar  7 16:45:11 paulo-ControlNode systemd[1]: Starting Network Manager Script Dispatcher Service...
Mar  7 16:45:11 paulo-ControlNode dbus-daemon[563]: [system] Successfully activated service 'org.freedesktop.nm_dispatcher'
Mar  7 16:45:11 paulo-ControlNode systemd[1]: Started Network Manager Script Dispatcher Service.
Mar  7 16:45:11 paulo-ControlNode nm-dispatcher: req:1 'dhcp4-change' [enp0s8]: new request (1 scripts)
Mar  7 16:45:11 paulo-ControlNode nm-dispatcher: req:1 'dhcp4-change' [enp0s8]: start running ordered scripts...
Mar  7 16:45:11 paulo-ControlNode dhclient[25834]: bound to 192.168.56.115 -- renewal in 253 seconds.
Mar  7 16:46:08 paulo-ControlNode gnome-software[1569]: failed to call gs_plugin_refresh on fwupd: Failed to update metadata for lvfs: '48A6D80E4538BAC2' is not a valid signature
Mar  7 16:46:08 paulo-ControlNode PackageKit: get-updates transaction /45_bebcedca from uid 1000 finished with success after 358ms
Mar  7 16:46:08 paulo-ControlNode gnome-software[1569]: failed to call gs_plugin_refresh on shell-extensions: [*/*/*/source/shell-extensions/*] failed to download https://extensions.gnome.org//static/extensions.json: SSL handshake failed
Mar  7 16:46:10 paulo-ControlNode gnome-shell[1257]: Object Gdm.UserVerifierProxy (0x55fce2985340), has been already deallocated - impossible to access it. This might be caused by the object having been destroyed from C code using something such as destroy(), dispose(), or remove() vfuncs
Mar  7 16:46:10 paulo-ControlNode org.gnome.Shell.desktop[1257]: == Stack trace for context 0x55fce0b95320 ==
Mar  7 16:46:10 paulo-ControlNode org.gnome.Shell.desktop[1257]: #0 0x55fce0fa1250 i   resource:///org/gnome/shell/gdm/util.js:436 (0x7f467c286560 @ 14)
Mar  7 16:46:10 paulo-ControlNode gnome-shell[1257]: g_dbus_proxy_call_finish_internal: assertion 'G_IS_DBUS_PROXY (proxy)' failed
Mar  7 16:46:11 paulo-ControlNode gnome-shell[1257]: JS ERROR: Exception in callback for signal: activate: Error: Error invoking IBus.set_global_engine_async: Expected function for callback argument callback, got undefined#012setEngine@resource:///org/gnome/shell/misc/ibusManager.js:207:9#012wrapper@resource:///org/gnome/gjs/modules/_legacy.js:82:22#012activateInputSource@resource:///org/gnome/shell/ui/status/keyboard.js:490:13#012wrapper@resource:///org/gnome/gjs/modules/_legacy.js:82:22#012_emit@resource:///org/gnome/gjs/modules/signals.js:128:27#012activate@resource:///org/gnome/shell/ui/status/keyboard.js:65:9#012wrapper@resource:///org/gnome/gjs/modules/_legacy.js:82:22#012_inputSourcesChanged@resource:///org/gnome/shell/ui/status/keyboard.js:620:13#012wrapper@resource:///org/gnome/gjs/modules/_legacy.js:82:22#012reload@resource:///org/gnome/shell/ui/status/keyboard.js:369:9#012wrapper@resource:///org/gnome/gjs/modules/_legacy.js:82:22#012_ibusSetContentType@resource:///org/gnome/shell/ui/status/keyboard.js:691:9#012wrapper@resource:///org/gnome/gjs/modules/_legacy.js:82:22#012_emit@resource:///org/gnome/gjs/modules/signals.js:128:27#012_setContentType@resource:///org/gnome/shell/misc/ibusManager.js:183:9#012wrapper@resource:///org/gnome/gjs/modules/_legacy.js:82:22
Mar  7 16:46:13 paulo-ControlNode gnome-software[1569]: no app for changed ubuntu-dock@ubuntu.com
Mar  7 16:46:13 paulo-ControlNode gnome-software[1569]: no app for changed ubuntu-appindicators@ubuntu.com
Mar  7 16:46:13 paulo-ControlNode gnome-shell[1257]: [AppIndicatorSupport-DEBUG] Registering StatusNotifierItem :1.66/org/ayatana/NotificationItem/software_update_available
Mar  7 16:46:13 paulo-ControlNode gnome-shell[1257]: JS ERROR: Exception in callback for signal: activate: Error: Error invoking IBus.set_global_engine_async: Expected function for callback argument callback, got undefined#012setEngine@resource:///org/gnome/shell/misc/ibusManager.js:207:9#012wrapper@resource:///org/gnome/gjs/modules/_legacy.js:82:22#012activateInputSource@resource:///org/gnome/shell/ui/status/keyboard.js:490:13#012wrapper@resource:///org/gnome/gjs/modules/_legacy.js:82:22#012_emit@resource:///org/gnome/gjs/modules/signals.js:128:27#012activate@resource:///org/gnome/shell/ui/status/keyboard.js:65:9#012wrapper@resource:///org/gnome/gjs/modules/_legacy.js:82:22#012_inputSourcesChanged@resource:///org/gnome/shell/ui/status/keyboard.js:620:13#012wrapper@resource:///org/gnome/gjs/modules/_legacy.js:82:22#012reload@resource:///org/gnome/shell/ui/status/keyboard.js:369:9#012wrapper@resource:///org/gnome/gjs/modules/_legacy.js:82:22#012_ibusSetContentType@resource:///org/gnome/shell/ui/status/keyboard.js:691:9#012wrapper@resource:///org/gnome/gjs/modules/_legacy.js:82:22#012_emit@resource:///org/gnome/gjs/modules/signals.js:128:27#012_setContentType@resource:///org/gnome/shell/misc/ibusManager.js:183:9#012wrapper@resource:///org/gnome/gjs/modules/_legacy.js:82:22
Mar  7 16:46:13 paulo-ControlNode gvfsd-metadata[25476]: g_udev_device_has_property: assertion 'G_UDEV_IS_DEVICE (device)' failed
Mar  7 16:46:13 paulo-ControlNode gvfsd-metadata[25476]: g_udev_device_has_property: assertion 'G_UDEV_IS_DEVICE (device)' failed
Mar  7 16:49:00 paulo-ControlNode systemd[1]: Stopping PackageKit Daemon...
Mar  7 16:49:00 paulo-ControlNode systemd[1]: Stopping User Manager for UID 1000...
Mar  7 16:49:00 paulo-ControlNode systemd[1]: Stopping Session 2 of user paulo.
Mar  7 16:49:00 paulo-ControlNode systemd[1]: Stopping Thunderbolt system service...
Mar  7 16:49:00 paulo-ControlNode kernel: [ 3913.728496] rfkill: input handler enabled
Mar  7 16:49:38 paulo-ControlNode systemd[1]: Starting Flush Journal to Persistent Storage...
Mar  7 16:49:38 paulo-ControlNode keyboard-setup.sh[228]: cannot open file /run/tmpkbd.u22PyA
Mar  7 16:49:38 paulo-ControlNode systemd[1]: Started Load/Save Random Seed.
Mar  7 16:49:38 paulo-ControlNode systemd[1]: Activated swap /swapfile.
Mar  7 16:49:38 paulo-ControlNode systemd[1]: Reached target Swap.
Mar  7 16:49:38 paulo-ControlNode systemd-modules-load[224]: Inserted module 'lp'
Mar  7 16:49:38 paulo-ControlNode systemd-modules-load[224]: Inserted module 'ppdev'
Mar  7 16:49:38 paulo-ControlNode systemd-modules-load[224]: Inserted module 'parport_pc'
Mar  7 16:49:38 paulo-ControlNode systemd[1]: Started Load Kernel Modules.
Mar  7 16:49:38 paulo-ControlNode systemd[1]: Mounting FUSE Control File System...
Mar  7 16:49:38 paulo-ControlNode systemd[1]: Mounting Kernel Configuration File System...
Mar  7 16:49:38 paulo-ControlNode systemd[1]: Starting Apply Kernel Variables...
Mar  7 16:49:38 paulo-ControlNode systemd[1]: Mounted Kernel Configuration File System.
Mar  7 16:49:38 paulo-ControlNode systemd[1]: Mounted FUSE Control File System.
Mar  7 16:49:38 paulo-ControlNode systemd[1]: Started Apply Kernel Variables.
Mar  7 16:49:38 paulo-ControlNode systemd[1]: Started Create Static Device Nodes in /dev.
Mar  7 16:49:38 paulo-ControlNode systemd[1]: Starting udev Kernel Device Manager...
Mar  7 16:49:38 paulo-ControlNode systemd[1]: Started Flush Journal to Persistent Storage.
Mar  7 16:49:38 paulo-ControlNode systemd[1]: Started udev Kernel Device Manager.
Mar  7 16:49:38 paulo-ControlNode systemd-udevd[284]: link_config: autonegotiation is unset or enabled, the speed and duplex are not writable.
Mar  7 16:49:38 paulo-ControlNode systemd-udevd[290]: link_config: autonegotiation is unset or enabled, the speed and duplex are not writable.
Mar  7 16:49:38 paulo-ControlNode systemd-udevd[281]: link_config: autonegotiation is unset or enabled, the speed and duplex are not writable.
Mar  7 16:49:38 paulo-ControlNode systemd[1]: Listening on Load/Save RF Kill Switch Status /dev/rfkill Watch.
Mar  7 16:49:38 paulo-ControlNode systemd[1]: Started Set the console keyboard layout.
Mar  7 16:49:38 paulo-ControlNode systemd[1]: Starting Show Plymouth Boot Screen...
Mar  7 16:49:38 paulo-ControlNode systemd[1]: Reached target Local File Systems (Pre).
Mar  7 16:49:38 paulo-ControlNode mtp-probe: checking bus 2, device 2: "/sys/devices/pci0000:00/0000:00:06.0/usb2/2-1"
Mar  7 16:49:38 paulo-ControlNode mtp-probe: bus: 2, device: 2 was not an MTP device
Mar  7 16:49:38 paulo-ControlNode systemd[1]: Mounting Mount unit for gnome-system-monitor, revision 186...
Mar  7 16:49:38 paulo-ControlNode systemd[1]: Mounting Mount unit for gnome-logs, revision 121...
Mar  7 16:49:38 paulo-ControlNode systemd[1]: Mounting Mount unit for core22, revision 1122...
Mar  7 16:49:38 paulo-ControlNode systemd[1]: Mounting Mount unit for gtk-common-themes, revision 818...
Mar  7 16:49:38 paulo-ControlNode systemd[1]: Mounting Mount unit for gnome-3-26-1604, revision 111...
Mar  7 16:49:38 paulo-ControlNode systemd[1]: Mounting Mount unit for core, revision 16574...
Mar  7 16:49:38 paulo-ControlNode systemd[1]: Mounting Mount unit for bare, revision 5...
Mar  7 16:49:38 paulo-ControlNode systemd[1]: Mounting Mount unit for gnome-3-26-1604, revision 74...
Mar  7 16:49:38 paulo-ControlNode systemd[1]: Mounting Mount unit for gnome-characters, revision 139...
Mar  7 16:49:38 paulo-ControlNode systemd[1]: Mounting Mount unit for gnome-characters, revision 795...
Mar  7 16:49:38 paulo-ControlNode systemd[1]: Mounting Mount unit for gtk-common-themes, revision 1535...
Mar  7 16:49:38 paulo-ControlNode systemd[1]: Mounting Mount unit for gnome-42-2204, revision 141...
Mar  7 16:49:38 paulo-ControlNode systemd[1]: Mounting Mount unit for gnome-calculator, revision 260...
Mar  7 16:49:38 paulo-ControlNode systemd[1]: Mounting Mount unit for gnome-system-monitor, revision 57...
Mar  7 16:49:38 paulo-ControlNode systemd[1]: Mounting Mount unit for gnome-logs, revision 45...
Mar  7 16:49:38 paulo-ControlNode systemd[1]: Mounting Mount unit for gnome-calculator, revision 955...
Mar  7 16:49:38 paulo-ControlNode systemd[1]: Mounted Mount unit for gnome-system-monitor, revision 186.
Mar  7 16:49:38 paulo-ControlNode systemd[1]: Mounted Mount unit for gnome-logs, revision 121.
Mar  7 16:49:38 paulo-ControlNode systemd[1]: Mounted Mount unit for core22, revision 1122.
Mar  7 16:49:38 paulo-ControlNode systemd[1]: Mounted Mount unit for gtk-common-themes, revision 818.
Mar  7 16:49:38 paulo-ControlNode systemd[1]: Mounted Mount unit for gnome-3-26-1604, revision 111.
Mar  7 16:49:38 paulo-ControlNode systemd[1]: Mounted Mount unit for core, revision 16574.
Mar  7 16:49:38 paulo-ControlNode systemd[1]: Mounted Mount unit for bare, revision 5.
Mar  7 16:49:38 paulo-ControlNode systemd[1]: Mounted Mount unit for gnome-3-26-1604, revision 74.
Mar  7 16:49:38 paulo-ControlNode systemd[1]: Reached target Sound Card.
Mar  7 16:49:38 paulo-ControlNode systemd[1]: Mounted Mount unit for gnome-calculator, revision 260.
Mar  7 16:49:38 paulo-ControlNode systemd[1]: Mounted Mount unit for gnome-logs, revision 45.
Mar  7 16:49:38 paulo-ControlNode systemd[1]: Mounted Mount unit for gnome-characters, revision 139.
Mar  7 16:49:38 paulo-ControlNode systemd[1]: Mounted Mount unit for gtk-common-themes, revision 1535.
Mar  7 16:49:38 paulo-ControlNode systemd[1]: Mounted Mount unit for gnome-characters, revision 795.
Mar  7 16:49:38 paulo-ControlNode systemd[1]: Mounted Mount unit for gnome-system-monitor, revision 57.
Mar  7 16:49:38 paulo-ControlNode systemd[1]: Mounted Mount unit for gnome-calculator, revision 955.
Mar  7 16:49:38 paulo-ControlNode systemd[1]: Mounted Mount unit for gnome-42-2204, revision 141.
Mar  7 16:49:38 paulo-ControlNode systemd[1]: Reached target Mounted snaps.
Mar  7 16:49:38 paulo-ControlNode systemd[1]: Reached target Local File Systems.
Mar  7 16:49:38 paulo-ControlNode systemd[1]: Starting Clean up any mess left by 0dns-up...
Mar  7 16:49:38 paulo-ControlNode systemd[1]: Starting AppArmor initialization...
Mar  7 16:49:38 paulo-ControlNode systemd[1]: Starting Tell Plymouth To Write Out Runtime Data...
Mar  7 16:49:38 paulo-ControlNode systemd[1]: Starting Create Volatile Files and Directories...
Mar  7 16:49:38 paulo-ControlNode systemd[1]: Starting Set console font and keymap...
Mar  7 16:49:38 paulo-ControlNode systemd[1]: Started Set console font and keymap.
Mar  7 16:49:38 paulo-ControlNode systemd[1]: Started Clean up any mess left by 0dns-up.
Mar  7 16:49:38 paulo-ControlNode systemd[1]: Started Create Volatile Files and Directories.
Mar  7 16:49:38 paulo-ControlNode systemd[1]: Starting Network Name Resolution...
Mar  7 16:49:38 paulo-ControlNode systemd[1]: Starting Update UTMP about System Boot/Shutdown...
Mar  7 16:49:38 paulo-ControlNode systemd[1]: Starting Network Time Synchronization...
Mar  7 16:49:38 paulo-ControlNode systemd[1]: Started Update UTMP about System Boot/Shutdown.
Mar  7 16:49:38 paulo-ControlNode systemd-resolved[540]: Positive Trust Anchors:
Mar  7 16:49:38 paulo-ControlNode systemd-resolved[540]: . IN DS 19036 8 2 49aac11d7b6f6446702e54a1607371607a1a41855200fd2ce1cdde32f24e8fb5
Mar  7 16:49:38 paulo-ControlNode systemd-resolved[540]: . IN DS 20326 8 2 e06d44b80b8f1d39a95c0b0d7c65d08458e880409bbc683457104237c7f8ec8d
Mar  7 16:49:38 paulo-ControlNode systemd-resolved[540]: Negative trust anchors: 10.in-addr.arpa 16.172.in-addr.arpa 17.172.in-addr.arpa 18.172.in-addr.arpa 19.172.in-addr.arpa 20.172.in-addr.arpa 21.172.in-addr.arpa 22.172.in-addr.arpa 23.172.in-addr.arpa 24.172.in-addr.arpa 25.172.in-addr.arpa 26.172.in-addr.arpa 27.172.in-addr.arpa 28.172.in-addr.arpa 29.172.in-addr.arpa 30.172.in-addr.arpa 31.172.in-addr.arpa 168.192.in-addr.arpa d.f.ip6.arpa corp home internal intranet lan local private test
Mar  7 16:49:38 paulo-ControlNode systemd[1]: Started Network Time Synchronization.
Mar  7 16:49:38 paulo-ControlNode systemd[1]: Reached target System Time Synchronized.
Mar  7 16:49:38 paulo-ControlNode systemd-resolved[540]: Using system hostname 'paulo-ControlNode'.
Mar  7 16:49:38 paulo-ControlNode systemd[1]: Started Network Name Resolution.
Mar  7 16:49:38 paulo-ControlNode systemd[1]: Reached target Host and Network Name Lookups.
Mar  7 16:49:38 paulo-ControlNode systemd[1]: proc-sys-fs-binfmt_misc.automount: Got automount request for /proc/sys/fs/binfmt_misc, triggered by 336 (snap)
Mar  7 16:49:38 paulo-ControlNode systemd[1]: Mounting Arbitrary Executable File Formats File System...
Mar  7 16:49:38 paulo-ControlNode systemd[1]: Mounted Arbitrary Executable File Formats File System.
Mar  7 16:49:38 paulo-ControlNode systemd[1]: proc-sys-fs-binfmt_misc.automount: Got automount request for /proc/sys/fs/binfmt_misc, triggered by 307 (snap)
Mar  7 16:49:38 paulo-ControlNode systemd[1]: proc-sys-fs-binfmt_misc.automount: Automount point already active?
Mar  7 16:49:38 paulo-ControlNode systemd[1]: proc-sys-fs-binfmt_misc.automount: Got automount request for /proc/sys/fs/binfmt_misc, triggered by 307 (snap)
Mar  7 16:49:38 paulo-ControlNode systemd[1]: proc-sys-fs-binfmt_misc.automount: Automount point already active?
Mar  7 16:49:38 paulo-ControlNode systemd[1]: proc-sys-fs-binfmt_misc.automount: Got automount request for /proc/sys/fs/binfmt_misc, triggered by 307 (snap)
Mar  7 16:49:38 paulo-ControlNode systemd[1]: proc-sys-fs-binfmt_misc.automount: Automount point already active?
Mar  7 16:49:38 paulo-ControlNode systemd[1]: proc-sys-fs-binfmt_misc.automount: Got automount request for /proc/sys/fs/binfmt_misc, triggered by 307 (snap)
Mar  7 16:49:38 paulo-ControlNode systemd[1]: proc-sys-fs-binfmt_misc.automount: Automount point already active?
Mar  7 16:49:38 paulo-ControlNode systemd[1]: proc-sys-fs-binfmt_misc.automount: Got automount request for /proc/sys/fs/binfmt_misc, triggered by 307 (snap)
Mar  7 16:49:38 paulo-ControlNode systemd[1]: proc-sys-fs-binfmt_misc.automount: Automount point already active?
Mar  7 16:49:38 paulo-ControlNode systemd[1]: proc-sys-fs-binfmt_misc.automount: Got automount request for /proc/sys/fs/binfmt_misc, triggered by 307 (snap)
Mar  7 16:49:38 paulo-ControlNode systemd[1]: proc-sys-fs-binfmt_misc.automount: Automount point already active?
Mar  7 16:49:38 paulo-ControlNode systemd[1]: proc-sys-fs-binfmt_misc.automount: Got automount request for /proc/sys/fs/binfmt_misc, triggered by 307 (snap)
Mar  7 16:49:38 paulo-ControlNode systemd[1]: proc-sys-fs-binfmt_misc.automount: Automount point already active?
Mar  7 16:49:38 paulo-ControlNode systemd[1]: proc-sys-fs-binfmt_misc.automount: Got automount request for /proc/sys/fs/binfmt_misc, triggered by 307 (snap)
Mar  7 16:49:38 paulo-ControlNode systemd[1]: proc-sys-fs-binfmt_misc.automount: Automount point already active?
Mar  7 16:49:38 paulo-ControlNode systemd[1]: proc-sys-fs-binfmt_misc.automount: Got automount request for /proc/sys/fs/binfmt_misc, triggered by 307 (snap)
Mar  7 16:49:38 paulo-ControlNode systemd[1]: proc-sys-fs-binfmt_misc.automount: Automount point already active?
Mar  7 16:49:38 paulo-ControlNode systemd[1]: proc-sys-fs-binfmt_misc.automount: Got automount request for /proc/sys/fs/binfmt_misc, triggered by 307 (snap)
Mar  7 16:49:38 paulo-ControlNode systemd[1]: proc-sys-fs-binfmt_misc.automount: Automount point already active?
Mar  7 16:49:38 paulo-ControlNode systemd[1]: proc-sys-fs-binfmt_misc.automount: Got automount request for /proc/sys/fs/binfmt_misc, triggered by 307 (snap)
Mar  7 16:49:38 paulo-ControlNode systemd[1]: proc-sys-fs-binfmt_misc.automount: Automount point already active?
Mar  7 16:49:38 paulo-ControlNode systemd[1]: proc-sys-fs-binfmt_misc.automount: Got automount request for /proc/sys/fs/binfmt_misc, triggered by 307 (snap)
Mar  7 16:49:38 paulo-ControlNode systemd[1]: proc-sys-fs-binfmt_misc.automount: Automount point already active?
Mar  7 16:49:38 paulo-ControlNode systemd[1]: proc-sys-fs-binfmt_misc.automount: Got automount request for /proc/sys/fs/binfmt_misc, triggered by 307 (snap)
Mar  7 16:49:38 paulo-ControlNode systemd[1]: proc-sys-fs-binfmt_misc.automount: Automount point already active?
Mar  7 16:49:38 paulo-ControlNode systemd[1]: proc-sys-fs-binfmt_misc.automount: Got automount request for /proc/sys/fs/binfmt_misc, triggered by 307 (snap)
Mar  7 16:49:38 paulo-ControlNode systemd[1]: proc-sys-fs-binfmt_misc.automount: Automount point already active?
Mar  7 16:49:38 paulo-ControlNode systemd[1]: proc-sys-fs-binfmt_misc.automount: Got automount request for /proc/sys/fs/binfmt_misc, triggered by 307 (snap)
Mar  7 16:49:38 paulo-ControlNode systemd[1]: proc-sys-fs-binfmt_misc.automount: Automount point already active?
Mar  7 16:49:38 paulo-ControlNode systemd[1]: proc-sys-fs-binfmt_misc.automount: Got automount request for /proc/sys/fs/binfmt_misc, triggered by 307 (snap)
Mar  7 16:49:38 paulo-ControlNode systemd[1]: proc-sys-fs-binfmt_misc.automount: Automount point already active?
Mar  7 16:49:38 paulo-ControlNode systemd[1]: proc-sys-fs-binfmt_misc.automount: Got automount request for /proc/sys/fs/binfmt_misc, triggered by 307 (snap)
Mar  7 16:49:38 paulo-ControlNode systemd[1]: proc-sys-fs-binfmt_misc.automount: Automount point already active?
Mar  7 16:49:38 paulo-ControlNode systemd[1]: proc-sys-fs-binfmt_misc.automount: Got automount request for /proc/sys/fs/binfmt_misc, triggered by 307 (snap)
Mar  7 16:49:38 paulo-ControlNode systemd[1]: proc-sys-fs-binfmt_misc.automount: Automount point already active?
Mar  7 16:49:38 paulo-ControlNode systemd[1]: proc-sys-fs-binfmt_misc.automount: Got automount request for /proc/sys/fs/binfmt_misc, triggered by 307 (snap)
Mar  7 16:49:38 paulo-ControlNode systemd[1]: proc-sys-fs-binfmt_misc.automount: Automount point already active?
Mar  7 16:49:38 paulo-ControlNode systemd[1]: proc-sys-fs-binfmt_misc.automount: Got automount request for /proc/sys/fs/binfmt_misc, triggered by 307 (snap)
Mar  7 16:49:38 paulo-ControlNode systemd[1]: proc-sys-fs-binfmt_misc.automount: Automount point already active?
Mar  7 16:49:38 paulo-ControlNode systemd[1]: proc-sys-fs-binfmt_misc.automount: Got automount request for /proc/sys/fs/binfmt_misc, triggered by 307 (snap)
Mar  7 16:49:38 paulo-ControlNode systemd[1]: proc-sys-fs-binfmt_misc.automount: Automount point already active?
Mar  7 16:49:38 paulo-ControlNode kernel: [    0.000000] Linux version 5.4.0-150-generic (buildd@bos03-amd64-012) (gcc version 7.5.0 (Ubuntu 7.5.0-3ubuntu1~18.04)) #167~18.04.1-Ubuntu SMP Wed May 24 00:51:42 UTC 2023 (Ubuntu 5.4.0-150.167~18.04.1-generic 5.4.233)
Mar  7 16:49:38 paulo-ControlNode kernel: [    0.000000] Command line: BOOT_IMAGE=/boot/vmlinuz-5.4.0-150-generic root=UUID=2795ca8c-2d4a-4743-bb59-92b384b24c9d ro quiet splash
Mar  7 16:49:38 paulo-ControlNode kernel: [    0.000000] KERNEL supported cpus:
Mar  7 16:49:38 paulo-ControlNode kernel: [    0.000000]   Intel GenuineIntel
Mar  7 16:49:38 paulo-ControlNode systemd[1]: proc-sys-fs-binfmt_misc.automount: Got automount request for /proc/sys/fs/binfmt_misc, triggered by 307 (snap)
Mar  7 16:49:38 paulo-ControlNode systemd[1]: proc-sys-fs-binfmt_misc.automount: Automount point already active?
Mar  7 16:49:38 paulo-ControlNode systemd[1]: proc-sys-fs-binfmt_misc.automount: Got automount request for /proc/sys/fs/binfmt_misc, triggered by 307 (snap)
Mar  7 16:49:38 paulo-ControlNode systemd[1]: proc-sys-fs-binfmt_misc.automount: Automount point already active?
Mar  7 16:49:38 paulo-ControlNode systemd[1]: proc-sys-fs-binfmt_misc.automount: Got automount request for /proc/sys/fs/binfmt_misc, triggered by 307 (snap)
Mar  7 16:49:38 paulo-ControlNode systemd[1]: proc-sys-fs-binfmt_misc.automount: Automount point already active?
Mar  7 16:49:38 paulo-ControlNode systemd[1]: proc-sys-fs-binfmt_misc.automount: Got automount request for /proc/sys/fs/binfmt_misc, triggered by 307 (snap)
Mar  7 16:49:38 paulo-ControlNode systemd[1]: proc-sys-fs-binfmt_misc.automount: Automount point already active?
Mar  7 16:49:38 paulo-ControlNode systemd[1]: proc-sys-fs-binfmt_misc.automount: Got automount request for /proc/sys/fs/binfmt_misc, triggered by 307 (snap)
Mar  7 16:49:38 paulo-ControlNode systemd[1]: proc-sys-fs-binfmt_misc.automount: Automount point already active?
Mar  7 16:49:38 paulo-ControlNode systemd[1]: proc-sys-fs-binfmt_misc.automount: Got automount request for /proc/sys/fs/binfmt_misc, triggered by 307 (snap)
Mar  7 16:49:38 paulo-ControlNode systemd[1]: proc-sys-fs-binfmt_misc.automount: Automount point already active?
Mar  7 16:49:38 paulo-ControlNode systemd[1]: proc-sys-fs-binfmt_misc.automount: Got automount request for /proc/sys/fs/binfmt_misc, triggered by 307 (snap)
Mar  7 16:49:38 paulo-ControlNode systemd[1]: proc-sys-fs-binfmt_misc.automount: Automount point already active?
Mar  7 16:49:38 paulo-ControlNode systemd[1]: proc-sys-fs-binfmt_misc.automount: Got automount request for /proc/sys/fs/binfmt_misc, triggered by 307 (snap)
Mar  7 16:49:38 paulo-ControlNode systemd[1]: proc-sys-fs-binfmt_misc.automount: Automount point already active?
Mar  7 16:49:38 paulo-ControlNode systemd[1]: proc-sys-fs-binfmt_misc.automount: Got automount request for /proc/sys/fs/binfmt_misc, triggered by 307 (snap)
Mar  7 16:49:38 paulo-ControlNode systemd[1]: proc-sys-fs-binfmt_misc.automount: Automount point already active?
Mar  7 16:49:38 paulo-ControlNode systemd[1]: proc-sys-fs-binfmt_misc.automount: Got automount request for /proc/sys/fs/binfmt_misc, triggered by 307 (snap)
Mar  7 16:49:38 paulo-ControlNode systemd[1]: proc-sys-fs-binfmt_misc.automount: Automount point already active?
Mar  7 16:49:38 paulo-ControlNode systemd[1]: proc-sys-fs-binfmt_misc.automount: Got automount request for /proc/sys/fs/binfmt_misc, triggered by 307 (snap)
Mar  7 16:49:38 paulo-ControlNode systemd[1]: proc-sys-fs-binfmt_misc.automount: Automount point already active?
Mar  7 16:49:38 paulo-ControlNode systemd[1]: proc-sys-fs-binfmt_misc.automount: Got automount request for /proc/sys/fs/binfmt_misc, triggered by 307 (snap)
Mar  7 16:49:38 paulo-ControlNode systemd[1]: proc-sys-fs-binfmt_misc.automount: Automount point already active?
Mar  7 16:49:38 paulo-ControlNode systemd[1]: proc-sys-fs-binfmt_misc.automount: Got automount request for /proc/sys/fs/binfmt_misc, triggered by 307 (snap)
Mar  7 16:49:38 paulo-ControlNode systemd[1]: proc-sys-fs-binfmt_misc.automount: Automount point already active?
Mar  7 16:49:38 paulo-ControlNode systemd[1]: proc-sys-fs-binfmt_misc.automount: Got automount request for /proc/sys/fs/binfmt_misc, triggered by 307 (snap)
Mar  7 16:49:38 paulo-ControlNode systemd[1]: proc-sys-fs-binfmt_misc.automount: Automount point already active?
Mar  7 16:49:38 paulo-ControlNode systemd[1]: proc-sys-fs-binfmt_misc.automount: Got automount request for /proc/sys/fs/binfmt_misc, triggered by 307 (snap)
Mar  7 16:49:38 paulo-ControlNode systemd[1]: proc-sys-fs-binfmt_misc.automount: Automount point already active?
Mar  7 16:49:38 paulo-ControlNode systemd[1]: proc-sys-fs-binfmt_misc.automount: Got automount request for /proc/sys/fs/binfmt_misc, triggered by 307 (snap)
Mar  7 16:49:38 paulo-ControlNode systemd[1]: proc-sys-fs-binfmt_misc.automount: Automount point already active?
Mar  7 16:49:38 paulo-ControlNode systemd[1]: proc-sys-fs-binfmt_misc.automount: Got automount request for /proc/sys/fs/binfmt_misc, triggered by 307 (snap)
Mar  7 16:49:38 paulo-ControlNode kernel: [    0.000000]   AMD AuthenticAMD
Mar  7 16:49:38 paulo-ControlNode systemd[1]: proc-sys-fs-binfmt_misc.automount: Automount point already active?
Mar  7 16:49:38 paulo-ControlNode kernel: [    0.000000]   Hygon HygonGenuine
Mar  7 16:49:38 paulo-ControlNode kernel: [    0.000000]   Centaur CentaurHauls
Mar  7 16:49:38 paulo-ControlNode kernel: [    0.000000]   zhaoxin   Shanghai  
Mar  7 16:49:38 paulo-ControlNode kernel: [    0.000000] x86/fpu: Supporting XSAVE feature 0x001: 'x87 floating point registers'
Mar  7 16:49:38 paulo-ControlNode systemd[1]: proc-sys-fs-binfmt_misc.automount: Got automount request for /proc/sys/fs/binfmt_misc, triggered by 307 (snap)
Mar  7 16:49:38 paulo-ControlNode kernel: [    0.000000] x86/fpu: Supporting XSAVE feature 0x002: 'SSE registers'
Mar  7 16:49:38 paulo-ControlNode kernel: [    0.000000] x86/fpu: Supporting XSAVE feature 0x004: 'AVX registers'
Mar  7 16:49:38 paulo-ControlNode systemd[1]: proc-sys-fs-binfmt_misc.automount: Automount point already active?
Mar  7 16:49:38 paulo-ControlNode kernel: [    0.000000] x86/fpu: xstate_offset[2]:  576, xstate_sizes[2]:  256
Mar  7 16:49:38 paulo-ControlNode kernel: [    0.000000] x86/fpu: Enabled xstate features 0x7, context size is 832 bytes, using 'standard' format.
Mar  7 16:49:38 paulo-ControlNode kernel: [    0.000000] BIOS-provided physical RAM map:
Mar  7 16:49:38 paulo-ControlNode systemd[1]: proc-sys-fs-binfmt_misc.automount: Got automount request for /proc/sys/fs/binfmt_misc, triggered by 307 (snap)
Mar  7 16:49:38 paulo-ControlNode kernel: [    0.000000] BIOS-e820: [mem 0x0000000000000000-0x000000000009fbff] usable
Mar  7 16:49:38 paulo-ControlNode kernel: [    0.000000] BIOS-e820: [mem 0x000000000009fc00-0x000000000009ffff] reserved
Mar  7 16:49:38 paulo-ControlNode kernel: [    0.000000] BIOS-e820: [mem 0x00000000000f0000-0x00000000000fffff] reserved
Mar  7 16:49:38 paulo-ControlNode systemd[1]: proc-sys-fs-binfmt_misc.automount: Automount point already active?
Mar  7 16:49:38 paulo-ControlNode kernel: [    0.000000] BIOS-e820: [mem 0x0000000000100000-0x00000000dffeffff] usable
Mar  7 16:49:38 paulo-ControlNode kernel: [    0.000000] BIOS-e820: [mem 0x00000000dfff0000-0x00000000dfffffff] ACPI data
Mar  7 16:49:38 paulo-ControlNode kernel: [    0.000000] BIOS-e820: [mem 0x00000000fec00000-0x00000000fec00fff] reserved
Mar  7 16:49:38 paulo-ControlNode kernel: [    0.000000] BIOS-e820: [mem 0x00000000fee00000-0x00000000fee00fff] reserved
Mar  7 16:49:38 paulo-ControlNode kernel: [    0.000000] BIOS-e820: [mem 0x00000000fffc0000-0x00000000ffffffff] reserved
Mar  7 16:49:38 paulo-ControlNode kernel: [    0.000000] BIOS-e820: [mem 0x0000000100000000-0x000000011fffffff] usable
Mar  7 16:49:38 paulo-ControlNode kernel: [    0.000000] NX (Execute Disable) protection: active
Mar  7 16:49:38 paulo-ControlNode kernel: [    0.000000] SMBIOS 2.5 present.
Mar  7 16:49:38 paulo-ControlNode kernel: [    0.000000] DMI: innotek GmbH VirtualBox/VirtualBox, BIOS VirtualBox 12/01/2006
Mar  7 16:49:38 paulo-ControlNode kernel: [    0.000000] Hypervisor detected: KVM
Mar  7 16:49:38 paulo-ControlNode kernel: [    0.000000] kvm-clock: Using msrs 4b564d01 and 4b564d00
Mar  7 16:49:38 paulo-ControlNode kernel: [    0.000000] kvm-clock: cpu 0, msr 85e01001, primary cpu clock
Mar  7 16:49:38 paulo-ControlNode kernel: [    0.000000] kvm-clock: using sched offset of 3838395504 cycles
Mar  7 16:49:38 paulo-ControlNode kernel: [    0.000001] clocksource: kvm-clock: mask: 0xffffffffffffffff max_cycles: 0x1cd42e4dffb, max_idle_ns: 881590591483 ns
Mar  7 16:49:38 paulo-ControlNode kernel: [    0.000003] tsc: Detected 2496.000 MHz processor
Mar  7 16:49:38 paulo-ControlNode kernel: [    0.002031] e820: update [mem 0x00000000-0x00000fff] usable ==> reserved
Mar  7 16:49:38 paulo-ControlNode kernel: [    0.002032] e820: remove [mem 0x000a0000-0x000fffff] usable
Mar  7 16:49:38 paulo-ControlNode kernel: [    0.002035] last_pfn = 0x120000 max_arch_pfn = 0x400000000
Mar  7 16:49:38 paulo-ControlNode kernel: [    0.002042] MTRR default type: uncachable
Mar  7 16:49:38 paulo-ControlNode kernel: [    0.002043] MTRR variable ranges disabled:
Mar  7 16:49:38 paulo-ControlNode kernel: [    0.002044] Disabled
Mar  7 16:49:38 paulo-ControlNode kernel: [    0.002045] x86/PAT: MTRRs disabled, skipping PAT initialization too.
Mar  7 16:49:38 paulo-ControlNode kernel: [    0.002046] CPU MTRRs all blank - virtualized system.
Mar  7 16:49:38 paulo-ControlNode kernel: [    0.002048] x86/PAT: Configuration [0-7]: WB  WT  UC- UC  WB  WT  UC- UC  
Mar  7 16:49:38 paulo-ControlNode kernel: [    0.002051] last_pfn = 0xdfff0 max_arch_pfn = 0x400000000
Mar  7 16:49:38 paulo-ControlNode kernel: [    0.002088] found SMP MP-table at [mem 0x0009fff0-0x0009ffff]
Mar  7 16:49:38 paulo-ControlNode systemd[1]: proc-sys-fs-binfmt_misc.automount: Got automount request for /proc/sys/fs/binfmt_misc, triggered by 307 (snap)
Mar  7 16:49:38 paulo-ControlNode kernel: [    0.055788] check: Scanning 1 areas for low memory corruption
Mar  7 16:49:38 paulo-ControlNode kernel: [    0.056132] RAMDISK: [mem 0x328df000-0x35466fff]
Mar  7 16:49:38 paulo-ControlNode kernel: [    0.056137] ACPI: Early table checksum verification disabled
Mar  7 16:49:38 paulo-ControlNode kernel: [    0.056140] ACPI: RSDP 0x00000000000E0000 000024 (v02 VBOX  )
Mar  7 16:49:38 paulo-ControlNode kernel: [    0.056142] ACPI: XSDT 0x00000000DFFF0030 00003C (v01 VBOX   VBOXXSDT 00000001 ASL  00000061)
Mar  7 16:49:38 paulo-ControlNode kernel: [    0.056146] ACPI: FACP 0x00000000DFFF00F0 0000F4 (v04 VBOX   VBOXFACP 00000001 ASL  00000061)
Mar  7 16:49:38 paulo-ControlNode kernel: [    0.056150] ACPI: DSDT 0x00000000DFFF0610 002353 (v02 VBOX   VBOXBIOS 00000002 INTL 20100528)
Mar  7 16:49:38 paulo-ControlNode systemd[1]: proc-sys-fs-binfmt_misc.automount: Automount point already active?
Mar  7 16:49:38 paulo-ControlNode kernel: [    0.056152] ACPI: FACS 0x00000000DFFF0200 000040
Mar  7 16:49:38 paulo-ControlNode kernel: [    0.056153] ACPI: FACS 0x00000000DFFF0200 000040
Mar  7 16:49:38 paulo-ControlNode kernel: [    0.056155] ACPI: APIC 0x00000000DFFF0240 00005C (v02 VBOX   VBOXAPIC 00000001 ASL  00000061)
Mar  7 16:49:38 paulo-ControlNode kernel: [    0.056157] ACPI: SSDT 0x00000000DFFF02A0 00036C (v01 VBOX   VBOXCPUT 00000002 INTL 20100528)
Mar  7 16:49:38 paulo-ControlNode systemd[1]: proc-sys-fs-binfmt_misc.automount: Got automount request for /proc/sys/fs/binfmt_misc, triggered by 307 (snap)
Mar  7 16:49:38 paulo-ControlNode kernel: [    0.056159] ACPI: Reserving FACP table memory at [mem 0xdfff00f0-0xdfff01e3]
Mar  7 16:49:38 paulo-ControlNode kernel: [    0.056159] ACPI: Reserving DSDT table memory at [mem 0xdfff0610-0xdfff2962]
Mar  7 16:49:38 paulo-ControlNode systemd[1]: proc-sys-fs-binfmt_misc.automount: Automount point already active?
Mar  7 16:49:38 paulo-ControlNode kernel: [    0.056159] ACPI: Reserving FACS table memory at [mem 0xdfff0200-0xdfff023f]
Mar  7 16:49:38 paulo-ControlNode kernel: [    0.056160] ACPI: Reserving FACS table memory at [mem 0xdfff0200-0xdfff023f]
Mar  7 16:49:38 paulo-ControlNode kernel: [    0.056160] ACPI: Reserving APIC table memory at [mem 0xdfff0240-0xdfff029b]
Mar  7 16:49:38 paulo-ControlNode kernel: [    0.056160] ACPI: Reserving SSDT table memory at [mem 0xdfff02a0-0xdfff060b]
Mar  7 16:49:38 paulo-ControlNode kernel: [    0.056171] ACPI: Local APIC address 0xfee00000
Mar  7 16:49:38 paulo-ControlNode systemd[1]: proc-sys-fs-binfmt_misc.automount: Got automount request for /proc/sys/fs/binfmt_misc, triggered by 307 (snap)
Mar  7 16:49:38 paulo-ControlNode kernel: [    0.056307] No NUMA configuration found
Mar  7 16:49:38 paulo-ControlNode kernel: [    0.056308] Faking a node at [mem 0x0000000000000000-0x000000011fffffff]
Mar  7 16:49:38 paulo-ControlNode systemd[1]: proc-sys-fs-binfmt_misc.automount: Automount point already active?
Mar  7 16:49:38 paulo-ControlNode kernel: [    0.056312] NODE_DATA(0) allocated [mem 0x11ffd1000-0x11fffbfff]
Mar  7 16:49:38 paulo-ControlNode kernel: [    0.056648] Zone ranges:
Mar  7 16:49:38 paulo-ControlNode kernel: [    0.056649]   DMA      [mem 0x0000000000001000-0x0000000000ffffff]
Mar  7 16:49:38 paulo-ControlNode kernel: [    0.056649]   DMA32    [mem 0x0000000001000000-0x00000000ffffffff]
Mar  7 16:49:38 paulo-ControlNode systemd[1]: proc-sys-fs-binfmt_misc.automount: Got automount request for /proc/sys/fs/binfmt_misc, triggered by 307 (snap)
Mar  7 16:49:38 paulo-ControlNode kernel: [    0.056650]   Normal   [mem 0x0000000100000000-0x000000011fffffff]
Mar  7 16:49:38 paulo-ControlNode kernel: [    0.056650]   Device   empty
Mar  7 16:49:38 paulo-ControlNode kernel: [    0.056651] Movable zone start for each node
Mar  7 16:49:38 paulo-ControlNode kernel: [    0.056652] Early memory node ranges
Mar  7 16:49:38 paulo-ControlNode kernel: [    0.056652]   node   0: [mem 0x0000000000001000-0x000000000009efff]
Mar  7 16:49:38 paulo-ControlNode kernel: [    0.056653]   node   0: [mem 0x0000000000100000-0x00000000dffeffff]
Mar  7 16:49:38 paulo-ControlNode kernel: [    0.056653]   node   0: [mem 0x0000000100000000-0x000000011fffffff]
Mar  7 16:49:38 paulo-ControlNode kernel: [    0.057129] Zeroed struct page in unavailable ranges: 114 pages
Mar  7 16:49:38 paulo-ControlNode kernel: [    0.057130] Initmem setup node 0 [mem 0x0000000000001000-0x000000011fffffff]
Mar  7 16:49:38 paulo-ControlNode systemd[1]: proc-sys-fs-binfmt_misc.automount: Automount point already active?
Mar  7 16:49:38 paulo-ControlNode kernel: [    0.057131] On node 0 totalpages: 1048462
Mar  7 16:49:38 paulo-ControlNode kernel: [    0.057132]   DMA zone: 64 pages used for memmap
Mar  7 16:49:38 paulo-ControlNode kernel: [    0.057132]   DMA zone: 21 pages reserved
Mar  7 16:49:38 paulo-ControlNode kernel: [    0.057133]   DMA zone: 3998 pages, LIFO batch:0
Mar  7 16:49:38 paulo-ControlNode kernel: [    0.057157]   DMA32 zone: 14272 pages used for memmap
Mar  7 16:49:38 paulo-ControlNode kernel: [    0.057158]   DMA32 zone: 913392 pages, LIFO batch:63
Mar  7 16:49:38 paulo-ControlNode kernel: [    0.068753]   Normal zone: 2048 pages used for memmap
Mar  7 16:49:38 paulo-ControlNode kernel: [    0.068755]   Normal zone: 131072 pages, LIFO batch:31
Mar  7 16:49:38 paulo-ControlNode kernel: [    0.070754] ACPI: PM-Timer IO Port: 0x4008
Mar  7 16:49:38 paulo-ControlNode kernel: [    0.070756] ACPI: Local APIC address 0xfee00000
Mar  7 16:49:38 paulo-ControlNode kernel: [    0.070799] IOAPIC[0]: apic_id 2, version 32, address 0xfec00000, GSI 0-23
Mar  7 16:49:38 paulo-ControlNode kernel: [    0.070801] ACPI: INT_SRC_OVR (bus 0 bus_irq 0 global_irq 2 dfl dfl)
Mar  7 16:49:38 paulo-ControlNode kernel: [    0.070802] ACPI: INT_SRC_OVR (bus 0 bus_irq 9 global_irq 9 low level)
Mar  7 16:49:38 paulo-ControlNode kernel: [    0.070803] ACPI: IRQ0 used by override.
Mar  7 16:49:38 paulo-ControlNode kernel: [    0.070803] ACPI: IRQ9 used by override.
Mar  7 16:49:38 paulo-ControlNode kernel: [    0.070805] Using ACPI (MADT) for SMP configuration information
Mar  7 16:49:38 paulo-ControlNode kernel: [    0.070809] smpboot: Allowing 2 CPUs, 0 hotplug CPUs
Mar  7 16:49:38 paulo-ControlNode kernel: [    0.070826] PM: Registered nosave memory: [mem 0x00000000-0x00000fff]
Mar  7 16:49:38 paulo-ControlNode kernel: [    0.070827] PM: Registered nosave memory: [mem 0x0009f000-0x0009ffff]
Mar  7 16:49:38 paulo-ControlNode kernel: [    0.070827] PM: Registered nosave memory: [mem 0x000a0000-0x000effff]
Mar  7 16:49:38 paulo-ControlNode kernel: [    0.070827] PM: Registered nosave memory: [mem 0x000f0000-0x000fffff]
Mar  7 16:49:38 paulo-ControlNode kernel: [    0.070828] PM: Registered nosave memory: [mem 0xdfff0000-0xdfffffff]
Mar  7 16:49:38 paulo-ControlNode kernel: [    0.070828] PM: Registered nosave memory: [mem 0xe0000000-0xfebfffff]
Mar  7 16:49:38 paulo-ControlNode kernel: [    0.070828] PM: Registered nosave memory: [mem 0xfec00000-0xfec00fff]
Mar  7 16:49:38 paulo-ControlNode kernel: [    0.070828] PM: Registered nosave memory: [mem 0xfec01000-0xfedfffff]
Mar  7 16:49:38 paulo-ControlNode kernel: [    0.070829] PM: Registered nosave memory: [mem 0xfee00000-0xfee00fff]
Mar  7 16:49:38 paulo-ControlNode kernel: [    0.070829] PM: Registered nosave memory: [mem 0xfee01000-0xfffbffff]
Mar  7 16:49:38 paulo-ControlNode kernel: [    0.070829] PM: Registered nosave memory: [mem 0xfffc0000-0xffffffff]
Mar  7 16:49:38 paulo-ControlNode kernel: [    0.070830] [mem 0xe0000000-0xfebfffff] available for PCI devices
Mar  7 16:49:38 paulo-ControlNode kernel: [    0.070831] Booting paravirtualized kernel on KVM
Mar  7 16:49:38 paulo-ControlNode kernel: [    0.070832] clocksource: refined-jiffies: mask: 0xffffffff max_cycles: 0xffffffff, max_idle_ns: 7645519600211568 ns
Mar  7 16:49:38 paulo-ControlNode kernel: [    0.070835] setup_percpu: NR_CPUS:8192 nr_cpumask_bits:2 nr_cpu_ids:2 nr_node_ids:1
Mar  7 16:49:38 paulo-ControlNode systemd[1]: proc-sys-fs-binfmt_misc.automount: Got automount request for /proc/sys/fs/binfmt_misc, triggered by 307 (snap)
Mar  7 16:49:38 paulo-ControlNode kernel: [    0.071194] percpu: Embedded 60 pages/cpu s208896 r8192 d28672 u1048576
Mar  7 16:49:38 paulo-ControlNode kernel: [    0.071198] pcpu-alloc: s208896 r8192 d28672 u1048576 alloc=1*2097152
Mar  7 16:49:38 paulo-ControlNode kernel: [    0.071199] pcpu-alloc: [0] 0 1 
Mar  7 16:49:38 paulo-ControlNode kernel: [    0.071214] PV qspinlock hash table entries: 256 (order: 0, 4096 bytes, linear)
Mar  7 16:49:38 paulo-ControlNode kernel: [    0.071218] Built 1 zonelists, mobility grouping on.  Total pages: 1032057
Mar  7 16:49:38 paulo-ControlNode kernel: [    0.071219] Policy zone: Normal
Mar  7 16:49:38 paulo-ControlNode systemd[1]: proc-sys-fs-binfmt_misc.automount: Automount point already active?
Mar  7 16:49:38 paulo-ControlNode systemd[1]: proc-sys-fs-binfmt_misc.automount: Got automount request for /proc/sys/fs/binfmt_misc, triggered by 307 (snap)
Mar  7 16:49:38 paulo-ControlNode systemd[1]: proc-sys-fs-binfmt_misc.automount: Automount point already active?
Mar  7 16:49:38 paulo-ControlNode systemd[1]: proc-sys-fs-binfmt_misc.automount: Got automount request for /proc/sys/fs/binfmt_misc, triggered by 307 (snap)
Mar  7 16:49:38 paulo-ControlNode systemd[1]: proc-sys-fs-binfmt_misc.automount: Automount point already active?
Mar  7 16:49:38 paulo-ControlNode systemd[1]: proc-sys-fs-binfmt_misc.automount: Got automount request for /proc/sys/fs/binfmt_misc, triggered by 307 (snap)
Mar  7 16:49:38 paulo-ControlNode systemd[1]: proc-sys-fs-binfmt_misc.automount: Automount point already active?
Mar  7 16:49:38 paulo-ControlNode systemd[1]: proc-sys-fs-binfmt_misc.automount: Got automount request for /proc/sys/fs/binfmt_misc, triggered by 307 (snap)
Mar  7 16:49:38 paulo-ControlNode systemd[1]: proc-sys-fs-binfmt_misc.automount: Automount point already active?
Mar  7 16:49:38 paulo-ControlNode systemd[1]: proc-sys-fs-binfmt_misc.automount: Got automount request for /proc/sys/fs/binfmt_misc, triggered by 307 (snap)
Mar  7 16:49:38 paulo-ControlNode systemd[1]: proc-sys-fs-binfmt_misc.automount: Automount point already active?
Mar  7 16:49:38 paulo-ControlNode systemd[1]: proc-sys-fs-binfmt_misc.automount: Got automount request for /proc/sys/fs/binfmt_misc, triggered by 307 (snap)
Mar  7 16:49:38 paulo-ControlNode systemd[1]: proc-sys-fs-binfmt_misc.automount: Automount point already active?
Mar  7 16:49:38 paulo-ControlNode systemd[1]: proc-sys-fs-binfmt_misc.automount: Got automount request for /proc/sys/fs/binfmt_misc, triggered by 307 (snap)
Mar  7 16:49:38 paulo-ControlNode systemd[1]: proc-sys-fs-binfmt_misc.automount: Automount point already active?
Mar  7 16:49:38 paulo-ControlNode systemd[1]: proc-sys-fs-binfmt_misc.automount: Got automount request for /proc/sys/fs/binfmt_misc, triggered by 307 (snap)
Mar  7 16:49:38 paulo-ControlNode systemd[1]: proc-sys-fs-binfmt_misc.automount: Automount point already active?
Mar  7 16:49:38 paulo-ControlNode systemd[1]: proc-sys-fs-binfmt_misc.automount: Got automount request for /proc/sys/fs/binfmt_misc, triggered by 307 (snap)
Mar  7 16:49:38 paulo-ControlNode kernel: [    0.071220] Kernel command line: BOOT_IMAGE=/boot/vmlinuz-5.4.0-150-generic root=UUID=2795ca8c-2d4a-4743-bb59-92b384b24c9d ro quiet splash
Mar  7 16:49:38 paulo-ControlNode systemd[1]: proc-sys-fs-binfmt_misc.automount: Automount point already active?
Mar  7 16:49:38 paulo-ControlNode kernel: [    0.071788] Dentry cache hash table entries: 524288 (order: 10, 4194304 bytes, linear)
Mar  7 16:49:38 paulo-ControlNode kernel: [    0.072112] Inode-cache hash table entries: 262144 (order: 9, 2097152 bytes, linear)
Mar  7 16:49:38 paulo-ControlNode kernel: [    0.072146] mem auto-init: stack:off, heap alloc:on, heap free:off
Mar  7 16:49:38 paulo-ControlNode kernel: [    0.078844] Calgary: detecting Calgary via BIOS EBDA area
Mar  7 16:49:38 paulo-ControlNode systemd[1]: proc-sys-fs-binfmt_misc.automount: Got automount request for /proc/sys/fs/binfmt_misc, triggered by 307 (snap)
Mar  7 16:49:38 paulo-ControlNode kernel: [    0.078846] Calgary: Unable to locate Rio Grande table in EBDA - bailing!
Mar  7 16:49:38 paulo-ControlNode kernel: [    0.084371] Memory: 3973948K/4193848K available (14339K kernel code, 2375K rwdata, 9472K rodata, 2748K init, 4980K bss, 219900K reserved, 0K cma-reserved)
Mar  7 16:49:38 paulo-ControlNode kernel: [    0.084854] SLUB: HWalign=64, Order=0-3, MinObjects=0, CPUs=2, Nodes=1
Mar  7 16:49:38 paulo-ControlNode kernel: [    0.084868] ftrace: allocating 44386 entries in 174 pages
Mar  7 16:49:38 paulo-ControlNode kernel: [    0.095432] rcu: Hierarchical RCU implementation.
Mar  7 16:49:38 paulo-ControlNode systemd[1]: proc-sys-fs-binfmt_misc.automount: Automount point already active?
Mar  7 16:49:38 paulo-ControlNode kernel: [    0.095433] rcu: 	RCU restricting CPUs from NR_CPUS=8192 to nr_cpu_ids=2.
Mar  7 16:49:38 paulo-ControlNode kernel: [    0.095433] 	Tasks RCU enabled.
Mar  7 16:49:38 paulo-ControlNode kernel: [    0.095434] rcu: RCU calculated value of scheduler-enlistment delay is 25 jiffies.
Mar  7 16:49:38 paulo-ControlNode kernel: [    0.095434] rcu: Adjusting geometry for rcu_fanout_leaf=16, nr_cpu_ids=2
Mar  7 16:49:38 paulo-ControlNode kernel: [    0.096913] NR_IRQS: 524544, nr_irqs: 440, preallocated irqs: 16
Mar  7 16:49:38 paulo-ControlNode systemd[1]: proc-sys-fs-binfmt_misc.automount: Got automount request for /proc/sys/fs/binfmt_misc, triggered by 307 (snap)
Mar  7 16:49:38 paulo-ControlNode kernel: [    0.097138] random: crng init done
Mar  7 16:49:38 paulo-ControlNode kernel: [    0.102695] Console: colour VGA+ 80x25
Mar  7 16:49:38 paulo-ControlNode kernel: [    0.102698] printk: console [tty0] enabled
Mar  7 16:49:38 paulo-ControlNode kernel: [    0.102712] ACPI: Core revision 20190816
Mar  7 16:49:38 paulo-ControlNode systemd[1]: proc-sys-fs-binfmt_misc.automount: Automount point already active?
Mar  7 16:49:38 paulo-ControlNode kernel: [    0.102781] APIC: Switch to symmetric I/O mode setup
Mar  7 16:49:38 paulo-ControlNode kernel: [    0.102930] x2apic enabled
Mar  7 16:49:38 paulo-ControlNode kernel: [    0.103073] Switched APIC routing to physical x2apic.
Mar  7 16:49:38 paulo-ControlNode systemd[1]: proc-sys-fs-binfmt_misc.automount: Got automount request for /proc/sys/fs/binfmt_misc, triggered by 307 (snap)
Mar  7 16:49:38 paulo-ControlNode kernel: [    0.103759] ..TIMER: vector=0x30 apic1=0 pin1=2 apic2=-1 pin2=-1
Mar  7 16:49:38 paulo-ControlNode kernel: [    0.103773] clocksource: tsc-early: mask: 0xffffffffffffffff max_cycles: 0x23fa772cf26, max_idle_ns: 440795269835 ns
Mar  7 16:49:38 paulo-ControlNode kernel: [    0.103777] Calibrating delay loop (skipped) preset value.. 4992.00 BogoMIPS (lpj=9984000)
Mar  7 16:49:38 paulo-ControlNode kernel: [    0.103778] pid_max: default: 32768 minimum: 301
Mar  7 16:49:38 paulo-ControlNode systemd[1]: proc-sys-fs-binfmt_misc.automount: Automount point already active?
Mar  7 16:49:38 paulo-ControlNode kernel: [    0.103792] LSM: Security Framework initializing
Mar  7 16:49:38 paulo-ControlNode kernel: [    0.103797] Yama: becoming mindful.
Mar  7 16:49:38 paulo-ControlNode systemd[1]: proc-sys-fs-binfmt_misc.automount: Got automount request for /proc/sys/fs/binfmt_misc, triggered by 307 (snap)
Mar  7 16:49:38 paulo-ControlNode kernel: [    0.103808] AppArmor: AppArmor initialized
Mar  7 16:49:38 paulo-ControlNode kernel: [    0.103829] Mount-cache hash table entries: 8192 (order: 4, 65536 bytes, linear)
Mar  7 16:49:38 paulo-ControlNode kernel: [    0.103833] Mountpoint-cache hash table entries: 8192 (order: 4, 65536 bytes, linear)
Mar  7 16:49:38 paulo-ControlNode kernel: [    0.103841] *** VALIDATE tmpfs ***
Mar  7 16:49:38 paulo-ControlNode systemd[1]: proc-sys-fs-binfmt_misc.automount: Automount point already active?
Mar  7 16:49:38 paulo-ControlNode kernel: [    0.103915] *** VALIDATE proc ***
Mar  7 16:49:38 paulo-ControlNode kernel: [    0.103940] *** VALIDATE cgroup1 ***
Mar  7 16:49:38 paulo-ControlNode kernel: [    0.103940] *** VALIDATE cgroup2 ***
Mar  7 16:49:38 paulo-ControlNode kernel: [    0.104025] Last level iTLB entries: 4KB 0, 2MB 0, 4MB 0
Mar  7 16:49:38 paulo-ControlNode apparmor[525]:  * Starting AppArmor profiles
Mar  7 16:49:38 paulo-ControlNode kernel: [    0.104026] Last level dTLB entries: 4KB 0, 2MB 0, 4MB 0, 1GB 0
Mar  7 16:49:38 paulo-ControlNode kernel: [    0.104028] Spectre V1 : Mitigation: usercopy/swapgs barriers and __user pointer sanitization
Mar  7 16:49:38 paulo-ControlNode kernel: [    0.104029] Spectre V2 : Mitigation: Retpolines
Mar  7 16:49:38 paulo-ControlNode kernel: [    0.104029] Spectre V2 : Spectre v2 / SpectreRSB mitigation: Filling RSB on context switch
Mar  7 16:49:38 paulo-ControlNode apparmor[525]: Skipping profile in /etc/apparmor.d/disable: usr.bin.firefox
Mar  7 16:49:38 paulo-ControlNode kernel: [    0.104030] Spectre V2 : Spectre v2 / SpectreRSB : Filling RSB on VMEXIT
Mar  7 16:49:38 paulo-ControlNode kernel: [    0.104030] Speculative Store Bypass: Vulnerable
Mar  7 16:49:38 paulo-ControlNode kernel: [    0.104141] Freeing SMP alternatives memory: 40K
Mar  7 16:49:38 paulo-ControlNode kernel: [    0.213636] smpboot: CPU0: 12th Gen Intel(R) Core(TM) i5-12400 (family: 0x6, model: 0x97, stepping: 0x2)
Mar  7 16:49:38 paulo-ControlNode kernel: [    0.213717] Performance Events: unsupported p6 CPU model 151 no PMU driver, software events only.
Mar  7 16:49:38 paulo-ControlNode apparmor[525]: Skipping profile in /etc/apparmor.d/disable: usr.sbin.rsyslogd
Mar  7 16:49:38 paulo-ControlNode kernel: [    0.213737] rcu: Hierarchical SRCU implementation.
Mar  7 16:49:38 paulo-ControlNode kernel: [    0.214142] NMI watchdog: Perf NMI watchdog permanently disabled
Mar  7 16:49:38 paulo-ControlNode apparmor[525]:    ...done.
Mar  7 16:49:38 paulo-ControlNode kernel: [    0.214172] smp: Bringing up secondary CPUs ...
Mar  7 16:49:38 paulo-ControlNode kernel: [    0.214223] x86: Booting SMP configuration:
Mar  7 16:49:38 paulo-ControlNode kernel: [    0.214224] .... node  #0, CPUs:      #1
Mar  7 16:49:38 paulo-ControlNode kernel: [    0.010645] kvm-clock: cpu 1, msr 85e01041, secondary cpu clock
Mar  7 16:49:38 paulo-ControlNode kernel: [    0.215774] smp: Brought up 1 node, 2 CPUs
Mar  7 16:49:38 paulo-ControlNode kernel: [    0.215774] smpboot: Max logical packages: 1
Mar  7 16:49:38 paulo-ControlNode systemd[1]: Started AppArmor initialization.
Mar  7 16:49:38 paulo-ControlNode kernel: [    0.215774] smpboot: Total of 2 processors activated (9984.00 BogoMIPS)
Mar  7 16:49:38 paulo-ControlNode kernel: [    0.215780] devtmpfs: initialized
Mar  7 16:49:38 paulo-ControlNode systemd[1]: Starting Load AppArmor profiles managed internally by snapd...
Mar  7 16:49:38 paulo-ControlNode kernel: [    0.215806] x86/mm: Memory block size: 128MB
Mar  7 16:49:38 paulo-ControlNode kernel: [    0.216002] clocksource: jiffies: mask: 0xffffffff max_cycles: 0xffffffff, max_idle_ns: 7645041785100000 ns
Mar  7 16:49:38 paulo-ControlNode kernel: [    0.216002] futex hash table entries: 512 (order: 3, 32768 bytes, linear)
Mar  7 16:49:38 paulo-ControlNode kernel: [    0.216002] pinctrl core: initialized pinctrl subsystem
Mar  7 16:49:38 paulo-ControlNode systemd[1]: Starting Raise network interfaces...
Mar  7 16:49:38 paulo-ControlNode kernel: [    0.216002] PM: RTC time: 08:49:10, date: 2024-03-07
Mar  7 16:49:38 paulo-ControlNode kernel: [    0.216002] NET: Registered protocol family 16
Mar  7 16:49:38 paulo-ControlNode kernel: [    0.216002] audit: initializing netlink subsys (disabled)
Mar  7 16:49:38 paulo-ControlNode kernel: [    0.216002] audit: type=2000 audit(1709801353.444:1): state=initialized audit_enabled=0 res=1
Mar  7 16:49:38 paulo-ControlNode systemd[1]: Started Raise network interfaces.
Mar  7 16:49:38 paulo-ControlNode kernel: [    0.216002] EISA bus registered
Mar  7 16:49:38 paulo-ControlNode kernel: [    0.216002] cpuidle: using governor ladder
Mar  7 16:49:38 paulo-ControlNode kernel: [    0.216002] cpuidle: using governor menu
Mar  7 16:49:38 paulo-ControlNode snapd-apparmor[634]: main.go:124: Loading profiles [/var/lib/snapd/apparmor/profiles/snap-confine.core.16574 /var/lib/snapd/apparmor/profiles/snap-update-ns.core /var/lib/snapd/apparmor/profiles/snap-update-ns.gnome-calculator /var/lib/snapd/apparmor/profiles/snap-update-ns.gnome-characters /var/lib/snapd/apparmor/profiles/snap-update-ns.gnome-logs /var/lib/snapd/apparmor/profiles/snap-update-ns.gnome-system-monitor /var/lib/snapd/apparmor/profiles/snap.core.hook.configure /var/lib/snapd/apparmor/profiles/snap.gnome-calculator.gnome-calculator /var/lib/snapd/apparmor/profiles/snap.gnome-calculator.hook.configure /var/lib/snapd/apparmor/profiles/snap.gnome-characters.gnome-characters /var/lib/snapd/apparmor/profiles/snap.gnome-characters.hook.configure /var/lib/snapd/apparmor/profiles/snap.gnome-logs.gnome-logs /var/lib/snapd/apparmor/profiles/snap.gnome-logs.hook.configure /var/lib/snapd/apparmor/profiles/snap.gnome-system-monitor.gnome-system-monitor /var/lib/snapd/apparmor/profiles/snap.gnome-system-monitor.hook.configure]
Mar  7 16:49:38 paulo-ControlNode systemd[1]: Started Tell Plymouth To Write Out Runtime Data.
Mar  7 16:49:38 paulo-ControlNode systemd[1]: Received SIGRTMIN+20 from PID 509 (plymouthd).
Mar  7 16:49:38 paulo-ControlNode kernel: [    0.216002] ACPI: bus type PCI registered
Mar  7 16:49:38 paulo-ControlNode kernel: [    0.216002] acpiphp: ACPI Hot Plug PCI Controller Driver version: 0.5
Mar  7 16:49:38 paulo-ControlNode systemd[1]: Started Show Plymouth Boot Screen.
Mar  7 16:49:38 paulo-ControlNode kernel: [    0.216002] PCI: Using configuration type 1 for base access
Mar  7 16:49:38 paulo-ControlNode kernel: [    0.216715] HugeTLB registered 2.00 MiB page size, pre-allocated 0 pages
Mar  7 16:49:38 paulo-ControlNode kernel: [    0.216715] ACPI: Added _OSI(Module Device)
Mar  7 16:49:38 paulo-ControlNode kernel: [    0.216715] ACPI: Added _OSI(Processor Device)
Mar  7 16:49:38 paulo-ControlNode systemd[1]: Started Forward Password Requests to Plymouth Directory Watch.
Mar  7 16:49:38 paulo-ControlNode kernel: [    0.216715] ACPI: Added _OSI(3.0 _SCP Extensions)
Mar  7 16:49:38 paulo-ControlNode kernel: [    0.216715] ACPI: Added _OSI(Processor Aggregator Device)
Mar  7 16:49:38 paulo-ControlNode kernel: [    0.216715] ACPI: Added _OSI(Linux-Dell-Video)
Mar  7 16:49:38 paulo-ControlNode kernel: [    0.216715] ACPI: Added _OSI(Linux-Lenovo-NV-HDMI-Audio)
Mar  7 16:49:38 paulo-ControlNode kernel: [    0.216715] ACPI: Added _OSI(Linux-HPI-Hybrid-Graphics)
Mar  7 16:49:38 paulo-ControlNode kernel: [    0.220327] ACPI: 2 ACPI AML tables successfully acquired and loaded
Mar  7 16:49:38 paulo-ControlNode kernel: [    0.221572] ACPI: Interpreter enabled
Mar  7 16:49:38 paulo-ControlNode kernel: [    0.221578] ACPI: (supports S0 S5)
Mar  7 16:49:38 paulo-ControlNode kernel: [    0.221579] ACPI: Using IOAPIC for interrupt routing
Mar  7 16:49:38 paulo-ControlNode kernel: [    0.221689] PCI: Using host bridge windows from ACPI; if necessary, use "pci=nocrs" and report a bug
Mar  7 16:49:38 paulo-ControlNode kernel: [    0.221753] ACPI: Enabled 2 GPEs in block 00 to 07
Mar  7 16:49:38 paulo-ControlNode kernel: [    0.224395] ACPI: PCI Root Bridge [PCI0] (domain 0000 [bus 00-ff])
Mar  7 16:49:38 paulo-ControlNode kernel: [    0.224398] acpi PNP0A03:00: _OSC: OS supports [ASPM ClockPM Segments MSI HPX-Type3]
Mar  7 16:49:38 paulo-ControlNode systemd[1]: Reached target Local Encrypted Volumes.
Mar  7 16:49:38 paulo-ControlNode kernel: [    0.224640] acpi PNP0A03:00: _OSC: not requesting OS control; OS requires [ExtendedConfig ASPM ClockPM MSI]
Mar  7 16:49:38 paulo-ControlNode kernel: [    0.224645] acpi PNP0A03:00: fail to add MMCONFIG information, can't access extended PCI configuration space under this bridge.
Mar  7 16:49:38 paulo-ControlNode kernel: [    0.224847] PCI host bridge to bus 0000:00
Mar  7 16:49:38 paulo-ControlNode kernel: [    0.224848] pci_bus 0000:00: root bus resource [io  0x0000-0x0cf7 window]
Mar  7 16:49:38 paulo-ControlNode kernel: [    0.224849] pci_bus 0000:00: root bus resource [io  0x0d00-0xffff window]
Mar  7 16:49:38 paulo-ControlNode kernel: [    0.224850] pci_bus 0000:00: root bus resource [mem 0x000a0000-0x000bffff window]
Mar  7 16:49:38 paulo-ControlNode systemd[1]: Started Load AppArmor profiles managed internally by snapd.
Mar  7 16:49:38 paulo-ControlNode kernel: [    0.224850] pci_bus 0000:00: root bus resource [mem 0xe0000000-0xfdffffff window]
Mar  7 16:49:38 paulo-ControlNode kernel: [    0.224851] pci_bus 0000:00: root bus resource [bus 00-ff]
Mar  7 16:49:38 paulo-ControlNode systemd[1]: Reached target System Initialization.
Mar  7 16:49:38 paulo-ControlNode kernel: [    0.224876] pci 0000:00:00.0: [8086:1237] type 00 class 0x060000
Mar  7 16:49:38 paulo-ControlNode kernel: [    0.225747] pci 0000:00:01.0: [8086:7000] type 00 class 0x060100
Mar  7 16:49:38 paulo-ControlNode kernel: [    0.226172] pci 0000:00:01.1: [8086:7111] type 00 class 0x01018a
Mar  7 16:49:38 paulo-ControlNode kernel: [    0.226415] pci 0000:00:01.1: reg 0x20: [io  0xd000-0xd00f]
Mar  7 16:49:38 paulo-ControlNode kernel: [    0.226510] pci 0000:00:01.1: legacy IDE quirk: reg 0x10: [io  0x01f0-0x01f7]
Mar  7 16:49:38 paulo-ControlNode systemd[1]: Started Discard unused blocks once a week.
Mar  7 16:49:38 paulo-ControlNode kernel: [    0.226511] pci 0000:00:01.1: legacy IDE quirk: reg 0x14: [io  0x03f6]
Mar  7 16:49:38 paulo-ControlNode kernel: [    0.226512] pci 0000:00:01.1: legacy IDE quirk: reg 0x18: [io  0x0170-0x0177]
Mar  7 16:49:38 paulo-ControlNode kernel: [    0.226512] pci 0000:00:01.1: legacy IDE quirk: reg 0x1c: [io  0x0376]
Mar  7 16:49:38 paulo-ControlNode systemd[1]: Listening on D-Bus System Message Bus Socket.
Mar  7 16:49:38 paulo-ControlNode kernel: [    0.226857] pci 0000:00:02.0: [15ad:0405] type 00 class 0x030000
Mar  7 16:49:38 paulo-ControlNode kernel: [    0.227975] pci 0000:00:02.0: reg 0x10: [io  0xd010-0xd01f]
Mar  7 16:49:38 paulo-ControlNode kernel: [    0.229258] pci 0000:00:02.0: reg 0x14: [mem 0xe0000000-0xe0ffffff pref]
Mar  7 16:49:38 paulo-ControlNode systemd[1]: Listening on ACPID Listen Socket.
Mar  7 16:49:38 paulo-ControlNode systemd[1]: Listening on UUID daemon activation socket.
Mar  7 16:49:38 paulo-ControlNode kernel: [    0.231160] pci 0000:00:02.0: reg 0x18: [mem 0xf0000000-0xf01fffff]
Mar  7 16:49:38 paulo-ControlNode kernel: [    0.236584] pci 0000:00:03.0: [8086:100e] type 00 class 0x020000
Mar  7 16:49:38 paulo-ControlNode kernel: [    0.237825] pci 0000:00:03.0: reg 0x10: [mem 0xf0200000-0xf021ffff]
Mar  7 16:49:38 paulo-ControlNode kernel: [    0.240715] pci 0000:00:03.0: reg 0x18: [io  0xd020-0xd027]
Mar  7 16:49:38 paulo-ControlNode kernel: [    0.244429] pci 0000:00:04.0: [80ee:cafe] type 00 class 0x088000
Mar  7 16:49:38 paulo-ControlNode kernel: [    0.245113] pci 0000:00:04.0: reg 0x10: [io  0xd040-0xd05f]
Mar  7 16:49:38 paulo-ControlNode kernel: [    0.245689] pci 0000:00:04.0: reg 0x14: [mem 0xf0400000-0xf07fffff]
Mar  7 16:49:38 paulo-ControlNode kernel: [    0.246283] pci 0000:00:04.0: reg 0x18: [mem 0xf0800000-0xf0803fff pref]
Mar  7 16:49:38 paulo-ControlNode kernel: [    0.250025] pci 0000:00:05.0: [8086:2415] type 00 class 0x040100
Mar  7 16:49:38 paulo-ControlNode kernel: [    0.250102] pci 0000:00:05.0: reg 0x10: [io  0xd100-0xd1ff]
Mar  7 16:49:38 paulo-ControlNode kernel: [    0.250147] pci 0000:00:05.0: reg 0x14: [io  0xd200-0xd23f]
Mar  7 16:49:38 paulo-ControlNode systemd[1]: Started ACPI Events Check.
Mar  7 16:49:38 paulo-ControlNode kernel: [    0.250661] pci 0000:00:06.0: [106b:003f] type 00 class 0x0c0310
Mar  7 16:49:38 paulo-ControlNode systemd[1]: Listening on CUPS Scheduler.
Mar  7 16:49:38 paulo-ControlNode systemd[1]: Started Trigger anacron every hour.
Mar  7 16:49:38 paulo-ControlNode systemd[1]: Started CUPS Scheduler.
Mar  7 16:49:38 paulo-ControlNode systemd[1]: Starting Socket activation for snappy daemon.
Mar  7 16:49:38 paulo-ControlNode systemd[1]: Listening on Avahi mDNS/DNS-SD Stack Activation Socket.
Mar  7 16:49:38 paulo-ControlNode systemd[1]: Started Message of the Day.
Mar  7 16:49:38 paulo-ControlNode systemd[1]: Started Daily Cleanup of Temporary Directories.
Mar  7 16:49:38 paulo-ControlNode systemd[1]: Reached target Paths.
Mar  7 16:49:38 paulo-ControlNode systemd[1]: Started Daily apt download activities.
Mar  7 16:49:38 paulo-ControlNode systemd[1]: Started Daily apt upgrade and clean activities.
Mar  7 16:49:38 paulo-ControlNode systemd[1]: Reached target Timers.
Mar  7 16:49:38 paulo-ControlNode systemd[1]: Listening on Socket activation for snappy daemon.
Mar  7 16:49:38 paulo-ControlNode systemd[1]: Reached target Sockets.
Mar  7 16:49:38 paulo-ControlNode systemd[1]: Reached target Basic System.
Mar  7 16:49:38 paulo-ControlNode systemd[1]: Starting LSB: Record successful boot for GRUB...
Mar  7 16:49:38 paulo-ControlNode systemd[1]: Starting Avahi mDNS/DNS-SD Stack...
Mar  7 16:49:38 paulo-ControlNode systemd[1]: Starting Accounts Service...
Mar  7 16:49:38 paulo-ControlNode systemd[1]: Started irqbalance daemon.
Mar  7 16:49:38 paulo-ControlNode systemd[1]: Starting Login Service...
Mar  7 16:49:38 paulo-ControlNode systemd[1]: Started CUPS Scheduler.
Mar  7 16:49:38 paulo-ControlNode systemd[1]: Starting Modem Manager...
Mar  7 16:49:38 paulo-ControlNode systemd[1]: Reached target Login Prompts (Pre).
Mar  7 16:49:38 paulo-ControlNode systemd[1]: Starting Restore /etc/resolv.conf if the system crashed before the ppp link was shut down...
Mar  7 16:49:38 paulo-ControlNode kernel: [    0.252492] pci 0000:00:06.0: reg 0x10: [mem 0xf0804000-0xf0804fff]
Mar  7 16:49:38 paulo-ControlNode systemd[1]: Starting Disk Manager...
Mar  7 16:49:38 paulo-ControlNode kernel: [    0.256298] pci 0000:00:07.0: [8086:7113] type 00 class 0x068000
Mar  7 16:49:38 paulo-ControlNode systemd[1]: Starting Detect the available GPUs and deal with any system changes...
Mar  7 16:49:38 paulo-ControlNode kernel: [    0.256538] pci 0000:00:07.0: quirk: [io  0x4000-0x403f] claimed by PIIX4 ACPI
Mar  7 16:49:38 paulo-ControlNode kernel: [    0.256544] pci 0000:00:07.0: quirk: [io  0x4100-0x410f] claimed by PIIX4 SMB
Mar  7 16:49:38 paulo-ControlNode kernel: [    0.256909] pci 0000:00:08.0: [8086:100e] type 00 class 0x020000
Mar  7 16:49:38 paulo-ControlNode kernel: [    0.257593] pci 0000:00:08.0: reg 0x10: [mem 0xf0820000-0xf083ffff]
Mar  7 16:49:38 paulo-ControlNode systemd[1]: Starting Thermal Daemon Service...
Mar  7 16:49:38 paulo-ControlNode systemd[1]: Reached target Login Prompts.
Mar  7 16:49:38 paulo-ControlNode systemd[1]: Starting System Logging Service...
Mar  7 16:49:38 paulo-ControlNode kernel: [    0.258712] pci 0000:00:08.0: reg 0x18: [io  0xd240-0xd247]
Mar  7 16:49:38 paulo-ControlNode kernel: [    0.261851] pci 0000:00:0b.0: [8086:265c] type 00 class 0x0c0320
Mar  7 16:49:38 paulo-ControlNode kernel: [    0.262505] pci 0000:00:0b.0: reg 0x10: [mem 0xf0840000-0xf0840fff]
Mar  7 16:49:38 paulo-ControlNode kernel: [    0.267381] pci 0000:00:0d.0: [8086:2829] type 00 class 0x010601
Mar  7 16:49:38 paulo-ControlNode kernel: [    0.267850] pci 0000:00:0d.0: reg 0x10: [io  0xd248-0xd24f]
Mar  7 16:49:38 paulo-ControlNode kernel: [    0.268477] pci 0000:00:0d.0: reg 0x14: [io  0xd250-0xd253]
Mar  7 16:49:38 paulo-ControlNode kernel: [    0.269049] pci 0000:00:0d.0: reg 0x18: [io  0xd258-0xd25f]
Mar  7 16:49:38 paulo-ControlNode kernel: [    0.269622] pci 0000:00:0d.0: reg 0x1c: [io  0xd260-0xd263]
Mar  7 16:49:38 paulo-ControlNode kernel: [    0.270222] pci 0000:00:0d.0: reg 0x20: [io  0xd270-0xd27f]
Mar  7 16:49:38 paulo-ControlNode kernel: [    0.270802] pci 0000:00:0d.0: reg 0x24: [mem 0xf0842000-0xf0843fff]
Mar  7 16:49:38 paulo-ControlNode systemd[1]: Started Run anacron jobs.
Mar  7 16:49:38 paulo-ControlNode kernel: [    0.276384] ACPI: PCI Interrupt Link [LNKA] (IRQs 5 9 10 *11)
Mar  7 16:49:38 paulo-ControlNode kernel: [    0.276533] ACPI: PCI Interrupt Link [LNKB] (IRQs 5 9 *10 11)
Mar  7 16:49:38 paulo-ControlNode kernel: [    0.276587] ACPI: PCI Interrupt Link [LNKC] (IRQs 5 *9 10 11)
Mar  7 16:49:38 paulo-ControlNode kernel: [    0.276660] ACPI: PCI Interrupt Link [LNKD] (IRQs 5 9 10 *11)
Mar  7 16:49:38 paulo-ControlNode kernel: [    0.276833] iommu: Default domain type: Translated 
Mar  7 16:49:38 paulo-ControlNode kernel: [    0.276833] SCSI subsystem initialized
Mar  7 16:49:38 paulo-ControlNode kernel: [    0.276833] libata version 3.00 loaded.
Mar  7 16:49:38 paulo-ControlNode kernel: [    0.276833] pci 0000:00:02.0: vgaarb: setting as boot VGA device
Mar  7 16:49:38 paulo-ControlNode kernel: [    0.276833] pci 0000:00:02.0: vgaarb: VGA device added: decodes=io+mem,owns=io+mem,locks=none
Mar  7 16:49:38 paulo-ControlNode systemd[1]: Starting LSB: automatic crash report generation...
Mar  7 16:49:38 paulo-ControlNode kernel: [    0.276833] pci 0000:00:02.0: vgaarb: bridge control possible
Mar  7 16:49:38 paulo-ControlNode kernel: [    0.276833] vgaarb: loaded
Mar  7 16:49:38 paulo-ControlNode systemd[1]: Starting LSB: Speech Dispatcher...
Mar  7 16:49:38 paulo-ControlNode kernel: [    0.276833] ACPI: bus type USB registered
Mar  7 16:49:38 paulo-ControlNode systemd[1]: Started D-Bus System Message Bus.
Mar  7 16:49:38 paulo-ControlNode kernel: [    0.276833] usbcore: registered new interface driver usbfs
Mar  7 16:49:38 paulo-ControlNode kernel: [    0.276833] usbcore: registered new interface driver hub
Mar  7 16:49:38 paulo-ControlNode kernel: [    0.276833] usbcore: registered new device driver usb
Mar  7 16:49:38 paulo-ControlNode kernel: [    0.276833] pps_core: LinuxPPS API ver. 1 registered
Mar  7 16:49:38 paulo-ControlNode kernel: [    0.276833] pps_core: Software ver. 5.3.6 - Copyright 2005-2007 Rodolfo Giometti <giometti@linux.it>
Mar  7 16:49:38 paulo-ControlNode kernel: [    0.276833] PTP clock support registered
Mar  7 16:49:38 paulo-ControlNode anacron[721]: Anacron 2.3 started on 2024-03-07
Mar  7 16:49:38 paulo-ControlNode kernel: [    0.276833] EDAC MC: Ver: 3.0.0
Mar  7 16:49:38 paulo-ControlNode avahi-daemon[707]: Found user 'avahi' (UID 116) and group 'avahi' (GID 122).
Mar  7 16:49:38 paulo-ControlNode kernel: [    0.276833] PCI: Using ACPI for IRQ routing
Mar  7 16:49:38 paulo-ControlNode kernel: [    0.276833] PCI: pci_cache_line_size set to 64 bytes
Mar  7 16:49:38 paulo-ControlNode kernel: [    0.276833] e820: reserve RAM buffer [mem 0x0009fc00-0x0009ffff]
Mar  7 16:49:38 paulo-ControlNode kernel: [    0.276833] e820: reserve RAM buffer [mem 0xdfff0000-0xdfffffff]
Mar  7 16:49:38 paulo-ControlNode avahi-daemon[707]: Successfully dropped root privileges.
Mar  7 16:49:38 paulo-ControlNode kernel: [    0.276833] NetLabel: Initializing
Mar  7 16:49:38 paulo-ControlNode kernel: [    0.276833] NetLabel:  domain hash size = 128
Mar  7 16:49:38 paulo-ControlNode kernel: [    0.276833] NetLabel:  protocols = UNLABELED CIPSOv4 CALIPSO
Mar  7 16:49:38 paulo-ControlNode kernel: [    0.276833] NetLabel:  unlabeled traffic allowed by default
Mar  7 16:49:38 paulo-ControlNode kernel: [    0.276833] clocksource: Switched to clocksource kvm-clock
Mar  7 16:49:38 paulo-ControlNode kernel: [    0.283420] *** VALIDATE bpf ***
Mar  7 16:49:38 paulo-ControlNode kernel: [    0.283452] VFS: Disk quotas dquot_6.6.0
Mar  7 16:49:38 paulo-ControlNode kernel: [    0.283460] VFS: Dquot-cache hash table entries: 512 (order 0, 4096 bytes)
Mar  7 16:49:38 paulo-ControlNode kernel: [    0.283476] *** VALIDATE ramfs ***
Mar  7 16:49:38 paulo-ControlNode kernel: [    0.283478] *** VALIDATE hugetlbfs ***
Mar  7 16:49:38 paulo-ControlNode kernel: [    0.283531] AppArmor: AppArmor Filesystem Enabled
Mar  7 16:49:38 paulo-ControlNode kernel: [    0.283546] pnp: PnP ACPI init
Mar  7 16:49:38 paulo-ControlNode kernel: [    0.283590] pnp 00:00: Plug and Play ACPI device, IDs PNP0303 (active)
Mar  7 16:49:38 paulo-ControlNode kernel: [    0.283637] pnp 00:01: Plug and Play ACPI device, IDs PNP0f03 (active)
Mar  7 16:49:38 paulo-ControlNode kernel: [    0.284084] pnp: PnP ACPI: found 2 devices
Mar  7 16:49:38 paulo-ControlNode kernel: [    0.286376] thermal_sys: Registered thermal governor 'fair_share'
Mar  7 16:49:38 paulo-ControlNode kernel: [    0.286377] thermal_sys: Registered thermal governor 'bang_bang'
Mar  7 16:49:38 paulo-ControlNode kernel: [    0.286377] thermal_sys: Registered thermal governor 'step_wise'
Mar  7 16:49:38 paulo-ControlNode kernel: [    0.286378] thermal_sys: Registered thermal governor 'user_space'
Mar  7 16:49:38 paulo-ControlNode kernel: [    0.286378] thermal_sys: Registered thermal governor 'power_allocator'
Mar  7 16:49:38 paulo-ControlNode kernel: [    0.290875] clocksource: acpi_pm: mask: 0xffffff max_cycles: 0xffffff, max_idle_ns: 2085701024 ns
Mar  7 16:49:38 paulo-ControlNode kernel: [    0.290897] pci_bus 0000:00: resource 4 [io  0x0000-0x0cf7 window]
Mar  7 16:49:38 paulo-ControlNode kernel: [    0.290898] pci_bus 0000:00: resource 5 [io  0x0d00-0xffff window]
Mar  7 16:49:38 paulo-ControlNode avahi-daemon[707]: avahi-daemon 0.7 starting up.
Mar  7 16:49:38 paulo-ControlNode kernel: [    0.290899] pci_bus 0000:00: resource 6 [mem 0x000a0000-0x000bffff window]
Mar  7 16:49:38 paulo-ControlNode kernel: [    0.290900] pci_bus 0000:00: resource 7 [mem 0xe0000000-0xfdffffff window]
Mar  7 16:49:38 paulo-ControlNode kernel: [    0.290933] NET: Registered protocol family 2
Mar  7 16:49:38 paulo-ControlNode kernel: [    0.290971] IP idents hash table entries: 65536 (order: 7, 524288 bytes, linear)
Mar  7 16:49:38 paulo-ControlNode kernel: [    0.291232] tcp_listen_portaddr_hash hash table entries: 2048 (order: 3, 32768 bytes, linear)
Mar  7 16:49:38 paulo-ControlNode kernel: [    0.291260] TCP established hash table entries: 32768 (order: 6, 262144 bytes, linear)
Mar  7 16:49:38 paulo-ControlNode anacron[721]: Normal exit (0 jobs run)
Mar  7 16:49:38 paulo-ControlNode kernel: [    0.291297] TCP bind hash table entries: 32768 (order: 7, 524288 bytes, linear)
Mar  7 16:49:38 paulo-ControlNode kernel: [    0.291313] TCP: Hash tables configured (established 32768 bind 32768)
Mar  7 16:49:38 paulo-ControlNode kernel: [    0.291329] UDP hash table entries: 2048 (order: 4, 65536 bytes, linear)
Mar  7 16:49:38 paulo-ControlNode udisksd[717]: udisks daemon version 2.7.6 starting
Mar  7 16:49:38 paulo-ControlNode kernel: [    0.291335] UDP-Lite hash table entries: 2048 (order: 4, 65536 bytes, linear)
Mar  7 16:49:38 paulo-ControlNode kernel: [    0.291351] NET: Registered protocol family 1
Mar  7 16:49:38 paulo-ControlNode kernel: [    0.291356] NET: Registered protocol family 44
Mar  7 16:49:38 paulo-ControlNode kernel: [    0.291370] pci 0000:00:00.0: Limiting direct PCI/PCI transfers
Mar  7 16:49:38 paulo-ControlNode rsyslogd: imuxsock: Acquired UNIX socket '/run/systemd/journal/syslog' (fd 3) from systemd.  [v8.32.0]
Mar  7 16:49:38 paulo-ControlNode kernel: [    0.291377] pci 0000:00:01.0: Activating ISA DMA hang workarounds
Mar  7 16:49:38 paulo-ControlNode kernel: [    0.291408] pci 0000:00:02.0: Video device with shadowed ROM at [mem 0x000c0000-0x000dffff]
Mar  7 16:49:38 paulo-ControlNode kernel: [    0.292989] PCI: CLS 0 bytes, default 64
Mar  7 16:49:38 paulo-ControlNode kernel: [    0.293017] Trying to unpack rootfs image as initramfs...
Mar  7 16:49:38 paulo-ControlNode rsyslogd: rsyslogd's groupid changed to 106
Mar  7 16:49:38 paulo-ControlNode kernel: [    0.671699] Freeing initrd memory: 44576K
Mar  7 16:49:38 paulo-ControlNode rsyslogd: rsyslogd's userid changed to 102
Mar  7 16:49:38 paulo-ControlNode kernel: [    0.671718] PCI-DMA: Using software bounce buffering for IO (SWIOTLB)
Mar  7 16:49:38 paulo-ControlNode kernel: [    0.671720] software IO TLB: mapped [mem 0xdbff0000-0xdfff0000] (64MB)
Mar  7 16:49:38 paulo-ControlNode kernel: [    0.671803] clocksource: tsc: mask: 0xffffffffffffffff max_cycles: 0x23fa772cf26, max_idle_ns: 440795269835 ns
Mar  7 16:49:38 paulo-ControlNode kernel: [    0.671826] clocksource: Switched to clocksource tsc
Mar  7 16:49:38 paulo-ControlNode kernel: [    0.671853] platform rtc_cmos: registered platform RTC device (no PNP device found)
Mar  7 16:49:38 paulo-ControlNode rsyslogd:  [origin software="rsyslogd" swVersion="8.32.0" x-pid="720" x-info="http://www.rsyslog.com"] start
Mar  7 16:49:38 paulo-ControlNode kernel: [    0.671867] check: Scanning for low memory corruption every 60 seconds
Mar  7 16:49:38 paulo-ControlNode kernel: [    0.672102] Initialise system trusted keyrings
Mar  7 16:49:38 paulo-ControlNode kernel: [    0.672107] Key type blacklist registered
Mar  7 16:49:38 paulo-ControlNode kernel: [    0.672144] workingset: timestamp_bits=36 max_order=20 bucket_order=0
Mar  7 16:49:38 paulo-ControlNode kernel: [    0.672722] zbud: loaded
Mar  7 16:49:38 paulo-ControlNode kernel: [    0.673116] squashfs: version 4.0 (2009/01/31) Phillip Lougher
Mar  7 16:49:38 paulo-ControlNode kernel: [    0.673224] fuse: init (API version 7.31)
Mar  7 16:49:38 paulo-ControlNode kernel: [    0.673234] *** VALIDATE fuse ***
Mar  7 16:49:38 paulo-ControlNode kernel: [    0.673235] *** VALIDATE fuse ***
Mar  7 16:49:38 paulo-ControlNode kernel: [    0.673307] Platform Keyring initialized
Mar  7 16:49:38 paulo-ControlNode kernel: [    0.675191] Key type asymmetric registered
Mar  7 16:49:38 paulo-ControlNode kernel: [    0.675192] Asymmetric key parser 'x509' registered
Mar  7 16:49:38 paulo-ControlNode kernel: [    0.675198] Block layer SCSI generic (bsg) driver version 0.4 loaded (major 244)
Mar  7 16:49:38 paulo-ControlNode kernel: [    0.675229] io scheduler mq-deadline registered
Mar  7 16:49:38 paulo-ControlNode kernel: [    0.675304] shpchp: Standard Hot Plug PCI Controller Driver version: 0.4
Mar  7 16:49:38 paulo-ControlNode kernel: [    0.675329] intel_idle: does not run on family 6 model 151
Mar  7 16:49:38 paulo-ControlNode kernel: [    0.675416] ACPI: AC Adapter [AC] (on-line)
Mar  7 16:49:38 paulo-ControlNode kernel: [    0.675440] input: Power Button as /devices/LNXSYSTM:00/LNXPWRBN:00/input/input0
Mar  7 16:49:38 paulo-ControlNode kernel: [    0.675456] ACPI: Power Button [PWRF]
Mar  7 16:49:38 paulo-ControlNode kernel: [    0.675488] input: Sleep Button as /devices/LNXSYSTM:00/LNXSLPBN:00/input/input1
Mar  7 16:49:38 paulo-ControlNode kernel: [    0.675495] ACPI: Sleep Button [SLPF]
Mar  7 16:49:38 paulo-ControlNode kernel: [    0.675666] Serial: 8250/16550 driver, 32 ports, IRQ sharing enabled
Mar  7 16:49:38 paulo-ControlNode kernel: [    0.677010] Linux agpgart interface v0.103
Mar  7 16:49:38 paulo-ControlNode kernel: [    0.824378] loop: module loaded
Mar  7 16:49:38 paulo-ControlNode kernel: [    0.824551] ata_piix 0000:00:01.1: version 2.13
Mar  7 16:49:38 paulo-ControlNode kernel: [    0.824926] scsi host0: ata_piix
Mar  7 16:49:38 paulo-ControlNode kernel: [    0.825047] scsi host1: ata_piix
Mar  7 16:49:38 paulo-ControlNode kernel: [    0.825068] ata1: PATA max UDMA/33 cmd 0x1f0 ctl 0x3f6 bmdma 0xd000 irq 14
Mar  7 16:49:38 paulo-ControlNode kernel: [    0.825069] ata2: PATA max UDMA/33 cmd 0x170 ctl 0x376 bmdma 0xd008 irq 15
Mar  7 16:49:38 paulo-ControlNode kernel: [    0.825133] tun: Universal TUN/TAP device driver, 1.6
Mar  7 16:49:38 paulo-ControlNode kernel: [    0.825234] PPP generic driver version 2.4.2
Mar  7 16:49:38 paulo-ControlNode kernel: [    0.825697] VFIO - User Level meta-driver version: 0.3
Mar  7 16:49:38 paulo-ControlNode kernel: [    0.825741] ehci_hcd: USB 2.0 'Enhanced' Host Controller (EHCI) Driver
Mar  7 16:49:38 paulo-ControlNode kernel: [    0.825744] ehci-pci: EHCI PCI platform driver
Mar  7 16:49:38 paulo-ControlNode kernel: [    0.826272] ehci-pci 0000:00:0b.0: EHCI Host Controller
Mar  7 16:49:38 paulo-ControlNode kernel: [    0.826276] ehci-pci 0000:00:0b.0: new USB bus registered, assigned bus number 1
Mar  7 16:49:38 paulo-ControlNode kernel: [    0.826441] ehci-pci 0000:00:0b.0: irq 19, io mem 0xf0840000
Mar  7 16:49:38 paulo-ControlNode kernel: [    0.840948] ehci-pci 0000:00:0b.0: USB 2.0 started, EHCI 1.00
Mar  7 16:49:38 paulo-ControlNode kernel: [    0.840981] usb usb1: New USB device found, idVendor=1d6b, idProduct=0002, bcdDevice= 5.04
Mar  7 16:49:38 paulo-ControlNode kernel: [    0.840982] usb usb1: New USB device strings: Mfr=3, Product=2, SerialNumber=1
Mar  7 16:49:38 paulo-ControlNode kernel: [    0.840983] usb usb1: Product: EHCI Host Controller
Mar  7 16:49:38 paulo-ControlNode kernel: [    0.840984] usb usb1: Manufacturer: Linux 5.4.0-150-generic ehci_hcd
Mar  7 16:49:38 paulo-ControlNode kernel: [    0.840984] usb usb1: SerialNumber: 0000:00:0b.0
Mar  7 16:49:38 paulo-ControlNode kernel: [    0.841070] hub 1-0:1.0: USB hub found
Mar  7 16:49:38 paulo-ControlNode kernel: [    0.841073] hub 1-0:1.0: 12 ports detected
Mar  7 16:49:38 paulo-ControlNode kernel: [    0.841183] ehci-platform: EHCI generic platform driver
Mar  7 16:49:38 paulo-ControlNode kernel: [    0.841190] ohci_hcd: USB 1.1 'Open' Host Controller (OHCI) Driver
Mar  7 16:49:38 paulo-ControlNode kernel: [    0.841191] ohci-pci: OHCI PCI platform driver
Mar  7 16:49:38 paulo-ControlNode kernel: [    0.841550] ohci-pci 0000:00:06.0: OHCI PCI host controller
Mar  7 16:49:38 paulo-ControlNode kernel: [    0.841553] ohci-pci 0000:00:06.0: new USB bus registered, assigned bus number 2
Mar  7 16:49:38 paulo-ControlNode kernel: [    0.841595] ohci-pci 0000:00:06.0: irq 22, io mem 0xf0804000
Mar  7 16:49:38 paulo-ControlNode kernel: [    1.134238] ata2.00: ATAPI: VBOX CD-ROM, 1.0, max UDMA/133
Mar  7 16:49:38 paulo-ControlNode kernel: [    1.134265] usb usb2: New USB device found, idVendor=1d6b, idProduct=0001, bcdDevice= 5.04
Mar  7 16:49:38 paulo-ControlNode kernel: [    1.134266] usb usb2: New USB device strings: Mfr=3, Product=2, SerialNumber=1
Mar  7 16:49:38 paulo-ControlNode kernel: [    1.134267] usb usb2: Product: OHCI PCI host controller
Mar  7 16:49:38 paulo-ControlNode kernel: [    1.134268] usb usb2: Manufacturer: Linux 5.4.0-150-generic ohci_hcd
Mar  7 16:49:38 paulo-ControlNode kernel: [    1.134269] usb usb2: SerialNumber: 0000:00:06.0
Mar  7 16:49:38 paulo-ControlNode kernel: [    1.134356] hub 2-0:1.0: USB hub found
Mar  7 16:49:38 paulo-ControlNode kernel: [    1.134367] hub 2-0:1.0: 12 ports detected
Mar  7 16:49:38 paulo-ControlNode kernel: [    1.134663] ohci-platform: OHCI generic platform driver
Mar  7 16:49:38 paulo-ControlNode kernel: [    1.134673] uhci_hcd: USB Universal Host Controller Interface driver
Mar  7 16:49:38 paulo-ControlNode kernel: [    1.134725] i8042: PNP: PS/2 Controller [PNP0303:PS2K,PNP0f03:PS2M] at 0x60,0x64 irq 1,12
Mar  7 16:49:38 paulo-ControlNode kernel: [    1.134882] scsi 1:0:0:0: CD-ROM            VBOX     CD-ROM           1.0  PQ: 0 ANSI: 5
Mar  7 16:49:38 paulo-ControlNode kernel: [    1.135278] serio: i8042 KBD port at 0x60,0x64 irq 1
Mar  7 16:49:38 paulo-ControlNode kernel: [    1.135280] serio: i8042 AUX port at 0x60,0x64 irq 12
Mar  7 16:49:38 paulo-ControlNode kernel: [    1.135337] mousedev: PS/2 mouse device common for all mice
Mar  7 16:49:38 paulo-ControlNode kernel: [    1.135490] input: AT Translated Set 2 keyboard as /devices/platform/i8042/serio0/input/input2
Mar  7 16:49:38 paulo-ControlNode kernel: [    1.135759] rtc_cmos rtc_cmos: registered as rtc0
Mar  7 16:49:38 paulo-ControlNode kernel: [    1.135765] rtc_cmos rtc_cmos: alarms up to one day, 114 bytes nvram
Mar  7 16:49:38 paulo-ControlNode kernel: [    1.135769] i2c /dev entries driver
Mar  7 16:49:38 paulo-ControlNode kernel: [    1.135796] device-mapper: uevent: version 1.0.3
Mar  7 16:49:38 paulo-ControlNode kernel: [    1.135821] device-mapper: ioctl: 4.41.0-ioctl (2019-09-16) initialised: dm-devel@redhat.com
Mar  7 16:49:38 paulo-ControlNode kernel: [    1.135831] platform eisa.0: Probing EISA bus 0
Mar  7 16:49:38 paulo-ControlNode kernel: [    1.135832] platform eisa.0: EISA: Cannot allocate resource for mainboard
Mar  7 16:49:38 paulo-ControlNode kernel: [    1.135832] platform eisa.0: Cannot allocate resource for EISA slot 1
Mar  7 16:49:38 paulo-ControlNode kernel: [    1.135833] platform eisa.0: Cannot allocate resource for EISA slot 2
Mar  7 16:49:38 paulo-ControlNode kernel: [    1.135834] platform eisa.0: Cannot allocate resource for EISA slot 3
Mar  7 16:49:38 paulo-ControlNode kernel: [    1.135834] platform eisa.0: Cannot allocate resource for EISA slot 4
Mar  7 16:49:38 paulo-ControlNode kernel: [    1.135835] platform eisa.0: Cannot allocate resource for EISA slot 5
Mar  7 16:49:38 paulo-ControlNode kernel: [    1.135835] platform eisa.0: Cannot allocate resource for EISA slot 6
Mar  7 16:49:38 paulo-ControlNode kernel: [    1.135836] platform eisa.0: Cannot allocate resource for EISA slot 7
Mar  7 16:49:38 paulo-ControlNode kernel: [    1.135836] platform eisa.0: Cannot allocate resource for EISA slot 8
Mar  7 16:49:38 paulo-ControlNode kernel: [    1.135837] platform eisa.0: EISA: Detected 0 cards
Mar  7 16:49:38 paulo-ControlNode kernel: [    1.135861] intel_pstate: CPU model not supported
Mar  7 16:49:38 paulo-ControlNode kernel: [    1.135890] ledtrig-cpu: registered to indicate activity on CPUs
Mar  7 16:49:38 paulo-ControlNode kernel: [    1.135932] drop_monitor: Initializing network drop monitor service
Mar  7 16:49:38 paulo-ControlNode kernel: [    1.136012] NET: Registered protocol family 10
Mar  7 16:49:38 paulo-ControlNode kernel: [    1.138051] Segment Routing with IPv6
Mar  7 16:49:38 paulo-ControlNode kernel: [    1.138065] NET: Registered protocol family 17
Mar  7 16:49:38 paulo-ControlNode kernel: [    1.138098] Key type dns_resolver registered
Mar  7 16:49:38 paulo-ControlNode kernel: [    1.138186] RAS: Correctable Errors collector initialized.
Mar  7 16:49:38 paulo-ControlNode kernel: [    1.138192] IPI shorthand broadcast: enabled
Mar  7 16:49:38 paulo-ControlNode kernel: [    1.138200] sched_clock: Marking stable (1131500720, 6645275)->(1141737327, -3591332)
Mar  7 16:49:38 paulo-ControlNode kernel: [    1.138254] registered taskstats version 1
Mar  7 16:49:38 paulo-ControlNode kernel: [    1.138260] Loading compiled-in X.509 certificates
Mar  7 16:49:38 paulo-ControlNode kernel: [    1.138604] Loaded X.509 cert 'Build time autogenerated kernel key: 1b6f3dadb8f129606217e3a0685f6c1e8ea0c66e'
Mar  7 16:49:38 paulo-ControlNode kernel: [    1.138889] Loaded X.509 cert 'Canonical Ltd. Live Patch Signing: 14df34d1a87cf37625abec039ef2bf521249b969'
Mar  7 16:49:38 paulo-ControlNode kernel: [    1.139155] Loaded X.509 cert 'Canonical Ltd. Kernel Module Signing: 88f752e560a1e0737e31163a466ad7b70a850c19'
Mar  7 16:49:38 paulo-ControlNode kernel: [    1.139156] blacklist: Loading compiled-in revocation X.509 certificates
Mar  7 16:49:38 paulo-ControlNode kernel: [    1.139165] Loaded X.509 cert 'Canonical Ltd. Secure Boot Signing: 61482aa2830d0ab2ad5af10b7250da9033ddcef0'
Mar  7 16:49:38 paulo-ControlNode kernel: [    1.139173] Loaded X.509 cert 'Canonical Ltd. Secure Boot Signing (2017): 242ade75ac4a15e50d50c84b0d45ff3eae707a03'
Mar  7 16:49:38 paulo-ControlNode kernel: [    1.139180] Loaded X.509 cert 'Canonical Ltd. Secure Boot Signing (ESM 2018): 365188c1d374d6b07c3c8f240f8ef722433d6a8b'
Mar  7 16:49:38 paulo-ControlNode kernel: [    1.139187] Loaded X.509 cert 'Canonical Ltd. Secure Boot Signing (2019): c0746fd6c5da3ae827864651ad66ae47fe24b3e8'
Mar  7 16:49:38 paulo-ControlNode kernel: [    1.139194] Loaded X.509 cert 'Canonical Ltd. Secure Boot Signing (2021 v1): a8d54bbb3825cfb94fa13c9f8a594a195c107b8d'
Mar  7 16:49:38 paulo-ControlNode kernel: [    1.139201] Loaded X.509 cert 'Canonical Ltd. Secure Boot Signing (2021 v2): 4cf046892d6fd3c9a5b03f98d845f90851dc6a8c'
Mar  7 16:49:38 paulo-ControlNode kernel: [    1.139209] Loaded X.509 cert 'Canonical Ltd. Secure Boot Signing (2021 v3): 100437bb6de6e469b581e61cd66bce3ef4ed53af'
Mar  7 16:49:38 paulo-ControlNode kernel: [    1.139216] Loaded X.509 cert 'Canonical Ltd. Secure Boot Signing (Ubuntu Core 2019): c1d57b8f6b743f23ee41f4f7ee292f06eecadfb9'
Mar  7 16:49:38 paulo-ControlNode kernel: [    1.139229] zswap: loaded using pool lzo/zbud
Mar  7 16:49:38 paulo-ControlNode kernel: [    1.139317] Key type ._fscrypt registered
Mar  7 16:49:38 paulo-ControlNode kernel: [    1.139317] Key type .fscrypt registered
Mar  7 16:49:38 paulo-ControlNode kernel: [    1.141288] Key type big_key registered
Mar  7 16:49:38 paulo-ControlNode kernel: [    1.142226] Key type encrypted registered
Mar  7 16:49:38 paulo-ControlNode kernel: [    1.142229] AppArmor: AppArmor sha1 policy hashing enabled
Mar  7 16:49:38 paulo-ControlNode kernel: [    1.142234] ima: No TPM chip found, activating TPM-bypass!
Mar  7 16:49:38 paulo-ControlNode kernel: [    1.142237] ima: Allocated hash algorithm: sha1
Mar  7 16:49:38 paulo-ControlNode kernel: [    1.142241] ima: No architecture policies found
Mar  7 16:49:38 paulo-ControlNode kernel: [    1.142247] evm: Initialising EVM extended attributes:
Mar  7 16:49:38 paulo-ControlNode kernel: [    1.142247] evm: security.selinux
Mar  7 16:49:38 paulo-ControlNode kernel: [    1.142248] evm: security.SMACK64
Mar  7 16:49:38 paulo-ControlNode kernel: [    1.142248] evm: security.SMACK64EXEC
Mar  7 16:49:38 paulo-ControlNode kernel: [    1.142249] evm: security.SMACK64TRANSMUTE
Mar  7 16:49:38 paulo-ControlNode kernel: [    1.142249] evm: security.SMACK64MMAP
Mar  7 16:49:38 paulo-ControlNode kernel: [    1.142249] evm: security.apparmor
Mar  7 16:49:38 paulo-ControlNode kernel: [    1.142250] evm: security.ima
Mar  7 16:49:38 paulo-ControlNode kernel: [    1.142250] evm: security.capability
Mar  7 16:49:38 paulo-ControlNode kernel: [    1.142251] evm: HMAC attrs: 0x1
Mar  7 16:49:38 paulo-ControlNode kernel: [    1.142486] PM:   Magic number: 0:142:826
Mar  7 16:49:38 paulo-ControlNode kernel: [    1.142553] rtc_cmos rtc_cmos: setting system clock to 2024-03-07T08:49:11 UTC (1709801351)
Mar  7 16:49:38 paulo-ControlNode kernel: [    1.164578] sr 1:0:0:0: [sr0] scsi3-mmc drive: 32x/32x xa/form2 tray
Mar  7 16:49:38 paulo-ControlNode kernel: [    1.164581] cdrom: Uniform CD-ROM driver Revision: 3.20
Mar  7 16:49:38 paulo-ControlNode kernel: [    1.179880] sr 1:0:0:0: Attached scsi CD-ROM sr0
Mar  7 16:49:38 paulo-ControlNode kernel: [    1.180009] sr 1:0:0:0: Attached scsi generic sg0 type 5
Mar  7 16:49:38 paulo-ControlNode kernel: [    1.180709] Freeing unused decrypted memory: 2040K
Mar  7 16:49:38 paulo-ControlNode kernel: [    1.181031] Freeing unused kernel image memory: 2748K
Mar  7 16:49:38 paulo-ControlNode kernel: [    1.196427] Write protecting the kernel read-only data: 26624k
Mar  7 16:49:38 paulo-ControlNode kernel: [    1.196762] Freeing unused kernel image memory: 2036K
Mar  7 16:49:38 paulo-ControlNode kernel: [    1.196886] Freeing unused kernel image memory: 768K
Mar  7 16:49:38 paulo-ControlNode kernel: [    1.200420] x86/mm: Checked W+X mappings: passed, no W+X pages found.
Mar  7 16:49:38 paulo-ControlNode kernel: [    1.200422] Run /init as init process
Mar  7 16:49:38 paulo-ControlNode kernel: [    1.233466] ACPI: Video Device [GFX0] (multi-head: yes  rom: no  post: no)
Mar  7 16:49:38 paulo-ControlNode kernel: [    1.233507] input: Video Bus as /devices/LNXSYSTM:00/LNXSYBUS:00/PNP0A03:00/LNXVIDEO:00/input/input4
Mar  7 16:49:38 paulo-ControlNode kernel: [    1.239187] e1000: Intel(R) PRO/1000 Network Driver - version 7.3.21-k8-NAPI
Mar  7 16:49:38 paulo-ControlNode kernel: [    1.239188] e1000: Copyright (c) 1999-2006 Intel Corporation.
Mar  7 16:49:38 paulo-ControlNode kernel: [    1.241423] piix4_smbus 0000:00:07.0: SMBus Host Controller at 0x4100, revision 0
Mar  7 16:49:38 paulo-ControlNode kernel: [    1.244317] ahci 0000:00:0d.0: version 3.0
Mar  7 16:49:38 paulo-ControlNode kernel: [    1.244853] ahci 0000:00:0d.0: SSS flag set, parallel bus scan disabled
Mar  7 16:49:38 paulo-ControlNode kernel: [    1.244949] ahci 0000:00:0d.0: AHCI 0001.0100 32 slots 1 ports 3 Gbps 0x1 impl SATA mode
Mar  7 16:49:38 paulo-ControlNode kernel: [    1.244950] ahci 0000:00:0d.0: flags: 64bit ncq stag only ccc 
Mar  7 16:49:38 paulo-ControlNode kernel: [    1.245169] scsi host2: ahci
Mar  7 16:49:38 paulo-ControlNode kernel: [    1.245205] ata3: SATA max UDMA/133 abar m8192@0xf0842000 port 0xf0842100 irq 21
Mar  7 16:49:38 paulo-ControlNode kernel: [    1.449186] input: ImExPS/2 Generic Explorer Mouse as /devices/platform/i8042/serio1/input/input5
Mar  7 16:49:38 paulo-ControlNode kernel: [    1.467796] usb 2-1: new full-speed USB device number 2 using ohci-pci
Mar  7 16:49:38 paulo-ControlNode kernel: [    1.560646] ata3: SATA link up 3.0 Gbps (SStatus 123 SControl 300)
Mar  7 16:49:38 paulo-ControlNode kernel: [    1.560704] ata3.00: ATA-6: VBOX HARDDISK, 1.0, max UDMA/133
Mar  7 16:49:38 paulo-ControlNode kernel: [    1.560705] ata3.00: 4294965248 sectors, multi 128: LBA48 NCQ (depth 32)
Mar  7 16:49:38 paulo-ControlNode kernel: [    1.560778] ata3.00: configured for UDMA/133
Mar  7 16:49:38 paulo-ControlNode kernel: [    1.560867] scsi 2:0:0:0: Direct-Access     ATA      VBOX HARDDISK    1.0  PQ: 0 ANSI: 5
Mar  7 16:49:38 paulo-ControlNode kernel: [    1.560972] sd 2:0:0:0: [sda] 4294965248 512-byte logical blocks: (2.20 TB/2.00 TiB)
Mar  7 16:49:38 paulo-ControlNode kernel: [    1.560976] sd 2:0:0:0: [sda] Write Protect is off
Mar  7 16:49:38 paulo-ControlNode kernel: [    1.560977] sd 2:0:0:0: [sda] Mode Sense: 00 3a 00 00
Mar  7 16:49:38 paulo-ControlNode kernel: [    1.560982] sd 2:0:0:0: [sda] Write cache: enabled, read cache: enabled, doesn't support DPO or FUA
Mar  7 16:49:38 paulo-ControlNode kernel: [    1.560993] sd 2:0:0:0: Attached scsi generic sg1 type 0
Mar  7 16:49:38 paulo-ControlNode kernel: [    1.593247]  sda: sda1
Mar  7 16:49:38 paulo-ControlNode kernel: [    1.608422] sd 2:0:0:0: [sda] Attached SCSI disk
Mar  7 16:49:38 paulo-ControlNode kernel: [    1.611263] e1000 0000:00:03.0 eth0: (PCI:33MHz:32-bit) 08:00:27:97:9d:86
Mar  7 16:49:38 paulo-ControlNode kernel: [    1.611267] e1000 0000:00:03.0 eth0: Intel(R) PRO/1000 Network Connection
Mar  7 16:49:38 paulo-ControlNode kernel: [    1.785974] usb 2-1: New USB device found, idVendor=80ee, idProduct=0021, bcdDevice= 1.00
Mar  7 16:49:38 paulo-ControlNode kernel: [    1.785975] usb 2-1: New USB device strings: Mfr=1, Product=3, SerialNumber=0
Mar  7 16:49:38 paulo-ControlNode kernel: [    1.785976] usb 2-1: Product: USB Tablet
Mar  7 16:49:38 paulo-ControlNode kernel: [    1.785976] usb 2-1: Manufacturer: VirtualBox
Mar  7 16:49:38 paulo-ControlNode kernel: [    1.793237] hidraw: raw HID events driver (C) Jiri Kosina
Mar  7 16:49:38 paulo-ControlNode kernel: [    1.806155] usbcore: registered new interface driver usbhid
Mar  7 16:49:38 paulo-ControlNode kernel: [    1.806156] usbhid: USB HID core driver
Mar  7 16:49:38 paulo-ControlNode kernel: [    1.807262] input: VirtualBox USB Tablet as /devices/pci0000:00/0000:00:06.0/usb2/2-1/2-1:1.0/0003:80EE:0021.0001/input/input6
Mar  7 16:49:38 paulo-ControlNode kernel: [    1.807445] hid-generic 0003:80EE:0021.0001: input,hidraw0: USB HID v1.10 Mouse [VirtualBox USB Tablet] on usb-0000:00:06.0-1/input0
Mar  7 16:49:38 paulo-ControlNode kernel: [    1.959043] e1000 0000:00:08.0 eth1: (PCI:33MHz:32-bit) 08:00:27:35:48:06
Mar  7 16:49:38 paulo-ControlNode kernel: [    1.959046] e1000 0000:00:08.0 eth1: Intel(R) PRO/1000 Network Connection
Mar  7 16:49:38 paulo-ControlNode kernel: [    1.959716] e1000 0000:00:08.0 enp0s8: renamed from eth1
Mar  7 16:49:38 paulo-ControlNode kernel: [    1.972277] e1000 0000:00:03.0 enp0s3: renamed from eth0
Mar  7 16:49:38 paulo-ControlNode kernel: [    2.394154] EXT4-fs (sda1): mounted filesystem with ordered data mode. Opts: (null)
Mar  7 16:49:38 paulo-ControlNode kernel: [    5.105486] systemd[1]: systemd 237 running in system mode. (+PAM +AUDIT +SELINUX +IMA +APPARMOR +SMACK +SYSVINIT +UTMP +LIBCRYPTSETUP +GCRYPT +GNUTLS +ACL +XZ +LZ4 +SECCOMP +BLKID +ELFUTILS +KMOD -IDN2 +IDN -PCRE2 default-hierarchy=hybrid)
Mar  7 16:49:38 paulo-ControlNode kernel: [    5.105503] systemd[1]: Detected virtualization oracle.
Mar  7 16:49:38 paulo-ControlNode kernel: [    5.105505] systemd[1]: Detected architecture x86-64.
Mar  7 16:49:38 paulo-ControlNode kernel: [    5.257146] systemd[1]: Set hostname to <paulo-ControlNode>.
Mar  7 16:49:38 paulo-ControlNode kernel: [   10.920067] systemd[1]: Created slice System Slice.
Mar  7 16:49:38 paulo-ControlNode kernel: [   10.920159] systemd[1]: Listening on Journal Audit Socket.
Mar  7 16:49:38 paulo-ControlNode kernel: [   10.920247] systemd[1]: Set up automount Arbitrary Executable File Formats File System Automount Point.
Mar  7 16:49:38 paulo-ControlNode kernel: [   10.920274] systemd[1]: Listening on udev Control Socket.
Mar  7 16:49:38 paulo-ControlNode kernel: [   10.920288] systemd[1]: Listening on udev Kernel Socket.
Mar  7 16:49:38 paulo-ControlNode kernel: [   10.920295] systemd[1]: Reached target Mounting snaps.
Mar  7 16:49:38 paulo-ControlNode kernel: [   10.920318] systemd[1]: Listening on /dev/initctl Compatibility Named Pipe.
Mar  7 16:49:38 paulo-ControlNode kernel: [   10.920335] systemd[1]: Started Forward Password Requests to Wall Directory Watch.
Mar  7 16:49:38 paulo-ControlNode kernel: [   10.920338] systemd[1]: Reached target User and Group Name Lookups.
Mar  7 16:49:38 paulo-ControlNode kernel: [   10.920395] systemd[1]: Created slice User and Session Slice.
Mar  7 16:49:38 paulo-ControlNode kernel: [   11.125750] EXT4-fs (sda1): re-mounted. Opts: errors=remount-ro
Mar  7 16:49:38 paulo-ControlNode kernel: [   11.284860] systemd-journald[230]: Received request to flush runtime journal from PID 1
Mar  7 16:49:38 paulo-ControlNode kernel: [   11.336422] Adding 2097148k swap on /swapfile.  Priority:-2 extents:6 across:2260988k FS
Mar  7 16:49:38 paulo-ControlNode kernel: [   11.805835] lp: driver loaded but no devices found
Mar  7 16:49:38 paulo-ControlNode kernel: [   11.831706] ppdev: user-space parallel port driver
Mar  7 16:49:38 paulo-ControlNode kernel: [   14.487324] vboxguest: loading out-of-tree module taints kernel.
Mar  7 16:49:38 paulo-ControlNode kernel: [   14.497812] vgdrvHeartbeatInit: Setting up heartbeat to trigger every 2000 milliseconds
Mar  7 16:49:38 paulo-ControlNode kernel: [   14.497967] input: Unspecified device as /devices/pci0000:00/0000:00:04.0/input/input7
Mar  7 16:49:38 paulo-ControlNode kernel: [   14.499613] vboxguest: Successfully loaded version 6.1.38_Ubuntu r153438
Mar  7 16:49:38 paulo-ControlNode kernel: [   14.499628] vboxguest: misc device minor 59, IRQ 20, I/O port d040, MMIO at 00000000f0400000 (size 0x400000)
Mar  7 16:49:38 paulo-ControlNode kernel: [   14.499629] vboxguest: Successfully loaded version 6.1.38_Ubuntu r153438 (interface 0x00010004)
Mar  7 16:49:38 paulo-ControlNode kernel: [   15.081602] [drm] DMA map mode: Caching DMA mappings.
Mar  7 16:49:38 paulo-ControlNode kernel: [   15.081625] [drm] Capabilities:
Mar  7 16:49:38 paulo-ControlNode kernel: [   15.081625] [drm]   Rect copy.
Mar  7 16:49:38 paulo-ControlNode kernel: [   15.081626] [drm]   Cursor.
Mar  7 16:49:38 paulo-ControlNode kernel: [   15.081626] [drm]   Cursor bypass.
Mar  7 16:49:38 paulo-ControlNode kernel: [   15.081626] [drm]   Cursor bypass 2.
Mar  7 16:49:38 paulo-ControlNode kernel: [   15.081627] [drm]   Alpha cursor.
Mar  7 16:49:38 paulo-ControlNode kernel: [   15.081627] [drm]   Extended Fifo.
Mar  7 16:49:38 paulo-ControlNode kernel: [   15.081627] [drm]   Pitchlock.
Mar  7 16:49:38 paulo-ControlNode kernel: [   15.081628] [drm]   Irq mask.
Mar  7 16:49:38 paulo-ControlNode kernel: [   15.081628] [drm]   GMR.
Mar  7 16:49:38 paulo-ControlNode kernel: [   15.081628] [drm]   Traces.
Mar  7 16:49:38 paulo-ControlNode kernel: [   15.081628] [drm]   GMR2.
Mar  7 16:49:38 paulo-ControlNode kernel: [   15.081629] [drm]   Screen Object 2.
Mar  7 16:49:38 paulo-ControlNode kernel: [   15.081629] [drm]   Command Buffers.
Mar  7 16:49:38 paulo-ControlNode kernel: [   15.081630] [drm] Max GMR ids is 8192
Mar  7 16:49:38 paulo-ControlNode kernel: [   15.081630] [drm] Max number of GMR pages is 1048576
